=== ① 预告 一级清单 ===
total 194888
drwxrwxrwx+  3 shaobaojia admin      4096 Sep 19 09:29 .
drwxrwxrwx+  4 shaobaojia admin      4096 Sep 19 09:29 ..
drwxrwxrwx+ 20 shaobaojia admin      4096 Sep 19 09:29 Sound Morph - Sinematic
-rwxrwxrwx+  1 shaobaojia admin 199548729 Dec  6  2023 Visual Tone - Essential Flow Sound Effects.rar

=== ② 规模 ===
总文件数: 433
4.2G	/volume1/主目录/Collection/素材&模板&音库/音效/03_项目素材/预告

=== ③ 二级目录 ===
Sound Morph - Sinematic/10. Whoosh Bys
Sound Morph - Sinematic/11. Bowed Cymbal Designed
Sound Morph - Sinematic/12. Source Recordings Distorted Synths
Sound Morph - Sinematic/13. Source Recordings Impacts Synthesized
Sound Morph - Sinematic/14. Source Recordings Metal
Sound Morph - Sinematic/15. Source Recordings Various
Sound Morph - Sinematic/16. Source Recordings Robo Synths
Sound Morph - Sinematic/17. Source Recordings Bowed Cymbal
Sound Morph - Sinematic/18. Source Recordings Whoosh
Sound Morph - Sinematic/1. Stutter Risers
Sound Morph - Sinematic/2. Sub Sonic Bass
Sound Morph - Sinematic/3. Mega Horns
Sound Morph - Sinematic/4. Hits and Impacts
Sound Morph - Sinematic/5. Complex Tech Hits
Sound Morph - Sinematic/6. Risers
Sound Morph - Sinematic/7. Stingers
Sound Morph - Sinematic/8. Simple Design
Sound Morph - Sinematic/Battery 4 Kits

=== ④ 各子项概况 ===
    432 件  Sound Morph - Sinematic
  [文件]  Visual Tone - Essential Flow Sound Effects.rar (199548729 B)

=== ⑤ 压缩包普查（预告全子树） ===
-rwxrwxrwx+ 1 shaobaojia admin 199548729 Dec  6  2023 /volume1/主目录/Collection/素材&模板&音库/音效/03_项目素材/预告/Visual Tone - Essential Flow Sound Effects.rar

=== ⑥ rar 内容 ===
>> Visual Tone - Essential Flow Sound Effects.rar
条目总数: 144
--- 前 25 项 ---
Visual Tone - Essential Flow Sound Effects/A word from the creators/Bryn North - Thank You.mov
Visual Tone - Essential Flow Sound Effects/A word from the creators/Daniel Deuschle - Thank You.MOV
Visual Tone - Essential Flow Sound Effects/Ambient Textures/Far/01 Coastal Dream Far.wav
Visual Tone - Essential Flow Sound Effects/Ambient Textures/Far/02 City Life Far.wav
Visual Tone - Essential Flow Sound Effects/Ambient Textures/Far/03 Nature's Paradise Far.wav
Visual Tone - Essential Flow Sound Effects/Ambient Textures/Far/04 Rythmic Wind Far.wav
Visual Tone - Essential Flow Sound Effects/Ambient Textures/Far/05 Jungle Shower Far.wav
Visual Tone - Essential Flow Sound Effects/Ambient Textures/Near/01 Coastal Dream.wav
Visual Tone - Essential Flow Sound Effects/Ambient Textures/Near/02 City Life.wav
Visual Tone - Essential Flow Sound Effects/Ambient Textures/Near/03 Nature's Paradise.wav
Visual Tone - Essential Flow Sound Effects/Ambient Textures/Near/04 Rythmic Wind.wav
Visual Tone - Essential Flow Sound Effects/Ambient Textures/Near/05 Jungle Shower.wav
Visual Tone - Essential Flow Sound Effects/Drones Underscores/01 Sail Away.wav
Visual Tone - Essential Flow Sound Effects/Drones Underscores/02 Midnight Voyage.wav
Visual Tone - Essential Flow Sound Effects/Drones Underscores/03 Certain Discovery.wav
Visual Tone - Essential Flow Sound Effects/Drones Underscores/04 Eastern Solace.wav
Visual Tone - Essential Flow Sound Effects/Drones Underscores/05 Attention.wav
Visual Tone - Essential Flow Sound Effects/Drones Underscores/06 Expectation.wav
Visual Tone - Essential Flow Sound Effects/Drones Underscores/07 Solemn Whisper.wav
Visual Tone - Essential Flow Sound Effects/Drones Underscores/08 A New Day.wav
Visual Tone - Essential Flow Sound Effects/Drones Underscores/09 Arctic Circle.wav
Visual Tone - Essential Flow Sound Effects/Drones Underscores/10 Warm Sunrise.wav
Visual Tone - Essential Flow Sound Effects/Drones Underscores/11 Longing.wav
Visual Tone - Essential Flow Sound Effects/Drones Underscores/12 Wonder.wav
Visual Tone - Essential Flow Sound Effects/Risers/01 Misty Awakening.wav
--- 顶层分布 ---
    144 Visual Tone - Essential Flow Sound Effects

=== ⑦ recon 里关于 预告 ===
13:     436 个 /      7.63 GiB ｜ 预告
313:        1个    3.50GiB ｜ 预告/15. Sound Morph - Sinematic【史诗黑暗大气转场冲击电影音效】653968306123
323:  Sound Morph : 43处    13.2GiB ｜ 预告/15. Sound Morph - Sinematic【史诗黑暗大气转场冲击电影音效】653968306(1); Sound Morph - Matter Mayhem/17. Metal Objects(311); Sound Morph - Matt
333:  预告          : 23处     7.7GiB ｜ 预告/15. Sound Morph - Sinematic【史诗黑暗大气转场冲击电影音效】653968306(1); 预告/Sound Morph - Sinematic/Battery 4 Kits(5); 预告/Sound Morph - Sinemat

=== ⑧ 01 商业音效包 顶层（对照） ===
A Sound Effect - Animal Hyperrealism Vol II
A Sound Effect - Rocks Momentum
[Blastwave.FX]Collection
Bluezone Corporation(76)
Boom Library - Close Combat Bundle
[Hollywood.Edge]The Edge Edition
[Hollywood.Edge]The Eerie Edition Sound FX_可怕的
Multiply Sound Film Score Bundle
Pro Sound Effect
Rock The Speakerbox - Broken
[Samplesourcer]Collecyion
[Sound.Ideas]Drone Archeology
[Sound.Ideas]The Metropolis Science Fiction Toolkit
[Sound.Ideas]The Metropolis Science Fiction Toolkit Vol.2
[Sound.Ideas]The SFX Kit For Game
[Sound.Ideas]The Underwater Sound Effects Series
[Sound.Ideas]Thunder Sound Effects
Sound Morph - Matter Mayhem
[Tonsturm]01 Breaking Glass
[Tonsturm]02 Electricity
[WHO01]
[WHO02]
[WHO03]
[WHO04]
[WHO05]
[WHOBonus]
Wind

=== ⑨ Sound Morph 相关全集 ===
/volume1/主目录/Collection/素材&模板&音库/音效/01_商业音效包/Sound Morph - Matter Mayhem
/volume1/主目录/Collection/素材&模板&音库/音效/03_项目素材/预告/Sound Morph - Sinematic

=== DONE ===
