文件,处置,备注
401951.wav,上提,
401952.wav,上提,
401953.wav,上提,
401954.wav,重复(字节一致)→_垃圾件/狗_重复解压,
401955.wav,重复(字节一致)→_垃圾件/狗_重复解压,
401956.wav,重复(字节一致)→_垃圾件/狗_重复解压,
401957.wav,重复(字节一致)→_垃圾件/狗_重复解压,
401958.wav,重复(字节一致)→_垃圾件/狗_重复解压,
401959.wav,重复(字节一致)→_垃圾件/狗_重复解压,
401960.wav,重复(字节一致)→_垃圾件/狗_重复解压,
401961.wav,上提,
401962.wav,上提,
401963.wav,上提,
401964.wav,上提,
401965.wav,上提,
401966.wav,上提,
401967.wav,上提,
401968.wav,上提,
401969.wav,上提,
401970.wav,上提,
401971.wav,上提,
401972.wav,上提,
401973.wav,上提,
401974.wav,上提,
401975.wav,上提,
401976.wav,上提,
401977.wav,上提,
401978.wav,上提,
401979.wav,上提,
401980.wav,上提,
401981.wav,上提,
401982.wav,上提,
401983.wav,上提,
401984.wav,上提,
401985.wav,上提,
401986.wav,上提,
401987.wav,上提,
401988.wav,上提,
BARK.WAV,上提,
DOG.WAV,上提,
DOG01.WAV,上提,
DOG02.WAV,上提,
DOG03.WAV,上提,
DOG04.WAV,上提,
DOG05.WAV,上提,
DOG06.WAV,上提,
DOG07.WAV,上提,
DOG08.WAV,上提,
DOG09.WAV,上提,
DOG10.WAV,上提,
DOG11.WAV,上提,
DOG12.WAV,上提,
DOG13.WAV,上提,
DOG14.WAV,上提,
DOG15.WAV,上提,
DOG16.WAV,上提,
DOG17.WAV,上提,
DOG18.WAV,上提,
DOGBARK.WAV,上提,
DOGBARK1.WAV,上提,
Track 34.wav,重复(字节一致)→_垃圾件/狗_重复解压,
Track 35.wav,重复(字节一致)→_垃圾件/狗_重复解压,
Track 36.wav,重复(字节一致)→_垃圾件/狗_重复解压,
Track 37.wav,重复(字节一致)→_垃圾件/狗_重复解压,
Track 38.wav,重复(字节一致)→_垃圾件/狗_重复解压,
Track 39.wav,重复(字节一致)→_垃圾件/狗_重复解压,
Track 40.wav,重复(字节一致)→_垃圾件/狗_重复解压,
Track 41.wav,重复(字节一致)→_垃圾件/狗_重复解压,
Track 42.wav,重复(字节一致)→_垃圾件/狗_重复解压,
Track 43.wav,重复(字节一致)→_垃圾件/狗_重复解压,
Track 44.wav,重复(字节一致)→_垃圾件/狗_重复解压,
Track 45.wav,重复(字节一致)→_垃圾件/狗_重复解压,
Track 47.wav,重复(字节一致)→_垃圾件/狗_重复解压,
Track 48.wav,重复(字节一致)→_垃圾件/狗_重复解压,
Track 49.wav,重复(字节一致)→_垃圾件/狗_重复解压,
Track 50.wav,重复(字节一致)→_垃圾件/狗_重复解压,
ΘüÑΦ┐£τÜäτïù.wav,上提,
τïù.wav,上提,
τ╛ñτïù.WAV,上提,
