== 计划样例（首/中/末）==
  1 Nature Backgrounds/01 Forrest Ambience 1  Light Birds.wav
     -> 01_商业音效包/Pro Sound Effect/1 Nature Backgrounds/01 Forrest Ambience 1  Light Birds.wav
  1 Nature Backgrounds/02 Forrest Amb 2 Birds & Light Wind.wav
     -> 01_商业音效包/Pro Sound Effect/1 Nature Backgrounds/02 Forrest Amb 2 Birds & Light Wind.wav
  1 Nature Backgrounds/04 Birds, Morning Dove, Insects And Dog.wav
     -> 01_商业音效包/Pro Sound Effect/1 Nature Backgrounds/04 Birds, Morning Dove, Insects And Dog.wav
  1 Nature Backgrounds/05 Morning Park Birds.wav
     -> 01_商业音效包/Pro Sound Effect/1 Nature Backgrounds/05 Morning Park Birds.wav
  1 Nature Backgrounds/06 Geese and Ducks In Pond.wav
     -> 01_商业音效包/Pro Sound Effect/1 Nature Backgrounds/06 Geese and Ducks In Pond.wav
  1 Nature Backgrounds/07 Mountain Ambience.wav
     -> 01_商业音效包/Pro Sound Effect/1 Nature Backgrounds/07 Mountain Ambience.wav
  1 Nature Backgrounds/08 Exotic Jungle.wav
     -> 01_商业音效包/Pro Sound Effect/1 Nature Backgrounds/08 Exotic Jungle.wav
  1 Nature Backgrounds/09 Amazon Jungle 1.wav
     -> 01_商业音效包/Pro Sound Effect/1 Nature Backgrounds/09 Amazon Jungle 1.wav
  1 Nature Backgrounds/10 Amazon Jungle 2.wav
     -> 01_商业音效包/Pro Sound Effect/1 Nature Backgrounds/10 Amazon Jungle 2.wav
  1 Nature Backgrounds/11 Night Jungle 1.wav
     -> 01_商业音效包/Pro Sound Effect/1 Nature Backgrounds/11 Night Jungle 1.wav
  1 Nature Backgrounds/12 Night Jungle 2.wav
     -> 01_商业音效包/Pro Sound Effect/1 Nature Backgrounds/12 Night Jungle 2.wav
  1 Nature Backgrounds/13 Night Jungle 3.wav
     -> 01_商业音效包/Pro Sound Effect/1 Nature Backgrounds/13 Night Jungle 3.wav
  [Blastwave.FX]Collection/[Blastwave.FX]Imaging Elements Sound Effects Library 24-48 5.1 SSFX/SSFX_IE_197/PREL_SSFX_Flange_BW01.197.LFE.wav
     -> 01_商业音效包/[Blastwave.FX]Collection/[Blastwave.FX]Imaging Elements Sound Effects Library 24-48 5.1 SSFX/SSFX_IE_197/PREL_SSFX_Flange_BW01.197.LFE.wav
  [Blastwave.FX]Collection/[Blastwave.FX]Imaging Elements Sound Effects Library 24-48 5.1 SSFX/SSFX_IE_197/PREL_SSFX_Flange_BW01.197.Ls.wav
     -> 01_商业音效包/[Blastwave.FX]Collection/[Blastwave.FX]Imaging Elements Sound Effects Library 24-48 5.1 SSFX/SSFX_IE_197/PREL_SSFX_Flange_BW01.197.Ls.wav
  [Blastwave.FX]Collection/[Blastwave.FX]Imaging Elements Sound Effects Library 24-48 5.1 SSFX/SSFX_IE_197/PREL_SSFX_Flange_BW01.197.R.wav
     -> 01_商业音效包/[Blastwave.FX]Collection/[Blastwave.FX]Imaging Elements Sound Effects Library 24-48 5.1 SSFX/SSFX_IE_197/PREL_SSFX_Flange_BW01.197.R.wav
  [Blastwave.FX]Collection/[Blastwave.FX]Imaging Elements Sound Effects Library 24-48 5.1 SSFX/SSFX_IE_197/PREL_SSFX_Flange_BW01.197.Rs.wav
     -> 01_商业音效包/[Blastwave.FX]Collection/[Blastwave.FX]Imaging Elements Sound Effects Library 24-48 5.1 SSFX/SSFX_IE_197/PREL_SSFX_Flange_BW01.197.Rs.wav
  [Blastwave.FX]Collection/[Blastwave.FX]Imaging Elements Sound Effects Library 24-48 5.1 SSFX/SSFX_IE_198/PREL_SSFX_Flange_BW01.198.C.wav
     -> 01_商业音效包/[Blastwave.FX]Collection/[Blastwave.FX]Imaging Elements Sound Effects Library 24-48 5.1 SSFX/SSFX_IE_198/PREL_SSFX_Flange_BW01.198.C.wav
  [Blastwave.FX]Collection/[Blastwave.FX]Imaging Elements Sound Effects Library 24-48 5.1 SSFX/SSFX_IE_198/PREL_SSFX_Flange_BW01.198.L.wav
     -> 01_商业音效包/[Blastwave.FX]Collection/[Blastwave.FX]Imaging Elements Sound Effects Library 24-48 5.1 SSFX/SSFX_IE_198/PREL_SSFX_Flange_BW01.198.L.wav
  [Blastwave.FX]Collection/[Blastwave.FX]Imaging Elements Sound Effects Library 24-48 5.1 SSFX/SSFX_IE_198/PREL_SSFX_Flange_BW01.198.LFE.wav
     -> 01_商业音效包/[Blastwave.FX]Collection/[Blastwave.FX]Imaging Elements Sound Effects Library 24-48 5.1 SSFX/SSFX_IE_198/PREL_SSFX_Flange_BW01.198.LFE.wav
  [Blastwave.FX]Collection/[Blastwave.FX]Imaging Elements Sound Effects Library 24-48 5.1 SSFX/SSFX_IE_198/PREL_SSFX_Flange_BW01.198.Ls.wav
     -> 01_商业音效包/[Blastwave.FX]Collection/[Blastwave.FX]Imaging Elements Sound Effects Library 24-48 5.1 SSFX/SSFX_IE_198/PREL_SSFX_Flange_BW01.198.Ls.wav
  [Blastwave.FX]Collection/[Blastwave.FX]Imaging Elements Sound Effects Library 24-48 5.1 SSFX/SSFX_IE_198/PREL_SSFX_Flange_BW01.198.R.wav
     -> 01_商业音效包/[Blastwave.FX]Collection/[Blastwave.FX]Imaging Elements Sound Effects Library 24-48 5.1 SSFX/SSFX_IE_198/PREL_SSFX_Flange_BW01.198.R.wav
  [Blastwave.FX]Collection/[Blastwave.FX]Imaging Elements Sound Effects Library 24-48 5.1 SSFX/SSFX_IE_198/PREL_SSFX_Flange_BW01.198.Rs.wav
     -> 01_商业音效包/[Blastwave.FX]Collection/[Blastwave.FX]Imaging Elements Sound Effects Library 24-48 5.1 SSFX/SSFX_IE_198/PREL_SSFX_Flange_BW01.198.Rs.wav
  [Blastwave.FX]Collection/[Blastwave.FX]Imaging Elements Sound Effects Library 24-48 5.1 SSFX/SSFX_IE_199/PREL_SSFX_Flange_BW01.199.C.wav
     -> 01_商业音效包/[Blastwave.FX]Collection/[Blastwave.FX]Imaging Elements Sound Effects Library 24-48 5.1 SSFX/SSFX_IE_199/PREL_SSFX_Flange_BW01.199.C.wav
  [Blastwave.FX]Collection/[Blastwave.FX]Imaging Elements Sound Effects Library 24-48 5.1 SSFX/SSFX_IE_199/PREL_SSFX_Flange_BW01.199.L.wav
     -> 01_商业音效包/[Blastwave.FX]Collection/[Blastwave.FX]Imaging Elements Sound Effects Library 24-48 5.1 SSFX/SSFX_IE_199/PREL_SSFX_Flange_BW01.199.L.wav
  鸟，动物/88 Lion Misc Roaming, Snarls, Growls, UP Close Moaning X 7.wav
     -> 02_中文音效合集/鸟，动物/88 Lion Misc Roaming, Snarls, Growls, UP Close Moaning X 7.wav
  鸟，动物/89 Mice Small Group_Squeaking.wav
     -> 02_中文音效合集/鸟，动物/89 Mice Small Group_Squeaking.wav
  鸟，动物/90 Monkey,Spider Vocal.wav
     -> 02_中文音效合集/鸟，动物/90 Monkey,Spider Vocal.wav
  鸟，动物/91 Pigs Snorting, Baby, Squeeling Pottbelly X 5.wav
     -> 02_中文音效合集/鸟，动物/91 Pigs Snorting, Baby, Squeeling Pottbelly X 5.wav
  鸟，动物/92 Pigs Ambience_Small Group In Pen.wav
     -> 02_中文音效合集/鸟，动物/92 Pigs Ambience_Small Group In Pen.wav
  鸟，动物/93 Prairie Dog Squealing.wav
     -> 02_中文音效合集/鸟，动物/93 Prairie Dog Squealing.wav
  鸟，动物/94 Porcupine Calling,Angry.wav
     -> 02_中文音效合集/鸟，动物/94 Porcupine Calling,Angry.wav
  鸟，动物/95 Raccoon Babies, Adults, Playing, Fight X 3.wav
     -> 02_中文音效合集/鸟，动物/95 Raccoon Babies, Adults, Playing, Fight X 3.wav
  鸟，动物/96 Sealion Barking.wav
     -> 02_中文音效合集/鸟，动物/96 Sealion Barking.wav
  鸟，动物/97 Sheep Baby Crying, Adult Calling X 4.wav
     -> 02_中文音效合集/鸟，动物/97 Sheep Baby Crying, Adult Calling X 4.wav
  鸟，动物/98 Tiger Siberian Tigers_Calls OF Affection X 2.wav
     -> 02_中文音效合集/鸟，动物/98 Tiger Siberian Tigers_Calls OF Affection X 2.wav
  鸟，动物/99 Wolf,Wolves Timber-Wolves_Howling X 3.wav
     -> 02_中文音效合集/鸟，动物/99 Wolf,Wolves Timber-Wolves_Howling X 3.wav

DRY: total=162431 planned=162431 unmatched=0 target_dupes=200
== 目标重名（将转冲突区）TOP15 ==
   01_商业音效包/Pro Sound Effect/1 Nature Backgrounds/17 Night Amb 3.wav ← ['1 Nature Backgrounds/17 Night Amb 3.wav', 'Pro Sound Effect/1 Nature Backgrounds/17 Night Amb 3.wav']
   01_商业音效包/Pro Sound Effect/10 Body Sounds/04 Punch, Face Hit 4-Sharp Impact.wav ← ['10 Body Sounds/04 Punch, Face Hit 4-Sharp Impact.wav', '音效/Pro Sound Effect/10 Body Sounds/04 Punch, Face Hit 4-Sharp Impact.wav']
   01_商业音效包/Pro Sound Effect/10 Body Sounds/13 Kick, Body Hit 1-With Sharp Thud.wav ← ['10 Body Sounds/13 Kick, Body Hit 1-With Sharp Thud.wav', 'Pro Sound Effect/10 Body Sounds/13 Kick, Body Hit 1-With Sharp Thud.wav']
   01_商业音效包/Pro Sound Effect/10 Body Sounds/19 Sword Or Bayonet Juicy Stab 3-With Short Gush Impact.wav ← ['10 Body Sounds/19 Sword Or Bayonet Juicy Stab 3-With Short Gush Impact.wav', 'Pro Sound Effect/10 Body Sounds/19 Sword Or Bayonet Juicy Stab 3-With Short Gush Impact.wav']
   01_商业音效包/Pro Sound Effect/10 Body Sounds/25 Single Sword Hit 1-With Slight Ring Out.wav ← ['10 Body Sounds/25 Single Sword Hit 1-With Slight Ring Out.wav', 'Pro Sound Effect/10 Body Sounds/25 Single Sword Hit 1-With Slight Ring Out.wav']
   01_商业音效包/Pro Sound Effect/10 Body Sounds/28 Single Sword Hit 4-Same Pitch As Fx 27 With Ring Out.wav ← ['10 Body Sounds/28 Single Sword Hit 4-Same Pitch As Fx 27 With Ring Out.wav', 'Pro Sound Effect/10 Body Sounds/28 Single Sword Hit 4-Same Pitch As Fx 27 With Ring Out.wav']
   01_商业音效包/Pro Sound Effect/10 Body Sounds/30 Double Sword Scrape 1.wav ← ['10 Body Sounds/30 Double Sword Scrape 1.wav', 'Pro Sound Effect/10 Body Sounds/30 Double Sword Scrape 1.wav']
   01_商业音效包/Pro Sound Effect/10 Body Sounds/61 Body Falls Off From Chair.wav ← ['10 Body Sounds/61 Body Falls Off From Chair.wav', 'Pro Sound Effect/10 Body Sounds/61 Body Falls Off From Chair.wav']
   01_商业音效包/Pro Sound Effect/10 Body Sounds/63 Two Single Body Falls On Gravel.wav ← ['10 Body Sounds/63 Two Single Body Falls On Gravel.wav', 'Pro Sound Effect/10 Body Sounds/63 Two Single Body Falls On Gravel.wav']
   01_商业音效包/Pro Sound Effect/10 Body Sounds/73 Body Falls Onto Wooden Floor 4, With Flop.wav ← ['10 Body Sounds/73 Body Falls Onto Wooden Floor 4, With Flop.wav', 'Pro Sound Effect/10 Body Sounds/73 Body Falls Onto Wooden Floor 4, With Flop.wav']
   01_商业音效包/Pro Sound Effect/10 Body Sounds/74 Body Falls Onto Wooden Floor 5, With Flop.wav ← ['10 Body Sounds/74 Body Falls Onto Wooden Floor 5, With Flop.wav', 'Pro Sound Effect/10 Body Sounds/74 Body Falls Onto Wooden Floor 5, With Flop.wav']
   01_商业音效包/Pro Sound Effect/11 Crashes,Impacts & Swishes/04 Crash [special Mix] 04-Metal Impact With Scrapes And Sque.wav ← ['11 Crashes,Impacts & Swishes/04 Crash [special Mix] 04-Metal Impact With Scrapes And Sque.wav', '音效/11 Crashes,Impacts & Swishes/04 Crash [special Mix] 04-Metal Impact With Scrapes And Sque.wav']
   01_商业音效包/Pro Sound Effect/11 Crashes,Impacts & Swishes/11 Crash [special Mix] 11-Medium Perspective Skid, Impact An.wav ← ['11 Crashes,Impacts & Swishes/11 Crash [special Mix] 11-Medium Perspective Skid, Impact An.wav', '音效/11 Crashes,Impacts & Swishes/11 Crash [special Mix] 11-Medium Perspective Skid, Impact An.wav']
   01_商业音效包/Pro Sound Effect/11 Crashes,Impacts & Swishes/14 Crash [special Mix] 14-Huge Impact With Long Metal Scrape.wav ← ['11 Crashes,Impacts & Swishes/14 Crash [special Mix] 14-Huge Impact With Long Metal Scrape.wav', 'Pro Sound Effect/11 Crashes,Impacts & Swishes/14 Crash [special Mix] 14-Huge Impact With Long Metal Scrape.wav']
   01_商业音效包/Pro Sound Effect/11 Crashes,Impacts & Swishes/35 Wood Crash, Large.wav ← ['11 Crashes,Impacts & Swishes/35 Wood Crash, Large.wav', '音效/11 Crashes,Impacts & Swishes/35 Wood Crash, Large.wav']

== 顶层项数: 137 ==

DRY-OK | 3.7s
