
################ 01_商业音效包
  ● A Sound Effect - Animal Hyperrealism Vol II | 285 件 | 4.79 GB
      类型: .wav×283, .pdf×1, .jpg×1
      非音频 2: .pdf×1, .jpg×1
      内层: Cheats Section / Designed Section / Raw Section
      样例: Library Information - Thank You Note.pdf | Animal Hyperrealism Vol II Cover.jpg | Cheats Section/Party Blower - Slowed Down - Elephant,Trumpet,Large,Distant_01.wav
  ● A Sound Effect - Rocks Momentum | 427 件 | 3.22 GB
      类型: .wav×425, .pdf×2
      非音频 2: .pdf×2
      内层: A Sound Effect - Glacier Ice / Cement Cylinder / Collapsed Stone House / Construction Materials / Designed / Eradicated Tree / Forest / Glacial Lake / Ruins / Sedimentary Rocks
      样例: Rocks Momentum - Useful Information.pdf | Eradicated Tree/Eradicated Tree - Stones Debris Impacts - 1 Meter. Debris,Stones,Soil,Impact,Rock,Impact,Fall,Various_03.wav | Eradicated Tree/Eradicated Tree - Stones Large Impacts Debris - 1 Meter. Debris,Stones,Soil,Impact,Rock,Impact,Fall,Various_06.wav
  ● Bluezone Corporation(76) | 27039 件 | 30.47 GB
      类型: .wav×17504, .aif×8630, .rx2×705, .mp3×79, .pdf×60, .jpg×27
      非音频 826: .rx2×705, .pdf×60, .jpg×27, .url×12, .nfo×8, .jpeg×7
      内层: [Bluezone.Corporation]Abyss Deep Atmospheric Sounds and Soundscapes / [Bluezone.Corporation]Advanced Minimal Techno / [Bluezone.Corporation]Afro Tribal Drum Loops / [Bluezone.Corporation]Altered Zone Dark Ambient Samples / [Bluezone.Corporation]Ambient Breaks / [Bluezone.Corporation]Ambient Injection Evolving Energy / [Bluezone.Corporation]Arctic Drum And Bass / [Bluezone.Corporation]Artificial FX / [Bluezone.Corporation]Austral Drum and Bass / [Bluezone.Corporation]Autobots Transformers Sound Effects
      样例: [Bluezone.Corporation]Afro Tribal Drum Loops/Bluezone-Afro-Tribal-Drum-Loops-Demo.mp3 | [Bluezone.Corporation]Afro Tribal Drum Loops/Bluezone-Afro-Tribal-Drum-Loops-Licence-Agreement.pdf | [Bluezone.Corporation]Afro Tribal Drum Loops/Afro-Tribal-Drum-Loops-aiff/drum-loops-136bpm/Bluezone-Avp2-drumloop-034-136.aif
  ● Boom Library - Close Combat Bundle | 1509 件 | 8.15 GB
      类型: .wav×1507, .txt×1, .pdf×1
      非音频 2: .txt×1, .pdf×1
      内层: Close Combat Construction Kit / Close Combat Designed / Triune Sound- Fighting SFX Pack 电影真实武打搏斗动作音效合集
      样例: Triune Sound- Fighting SFX Pack 电影真实武打搏斗动作音效合集/说明.txt | Triune Sound- Fighting SFX Pack 电影真实武打搏斗动作音效合集/Gore/GORE-orange-squish-squeeze-longer.wav | Triune Sound- Fighting SFX Pack 电影真实武打搏斗动作音效合集/Gore/GORE-tomato-smack.wav
  ● Multiply Sound Film Score Bundle | 2220 件 | 17.20 GB
      类型: .wav×2215, .mp3×3, .url×1, .txt×1
      非音频 2: .url×1, .txt×1
      内层: 1. Film Score Collection Vol 2 (Non-Tempo) / 2. Film Score Collection V2 (Tempo) / 3. Film Score Collection V2 (Glue) / FILM SCORE SOUND PACK V1
      样例: 悟空资源 宿主插件音色采样.url | 1. Film Score Collection Vol 2 (Non-Tempo)/2. Riffs_Melodies/22. In My Dreams (Minor)/In My Dreams - Am.wav | 1. Film Score Collection Vol 2 (Non-Tempo)/2. Riffs_Melodies/22. In My Dreams (Minor)/In My Dreams - Cm.wav
  ● Pro Sound Effect | 7176 件 | 33.29 GB
      类型: .wav×7069, .pek×82, .pkf×12, .pdf×3, .rar×2, .txt×2
      非音频 107: .pek×82, .pkf×12, .pdf×3, .rar×2, .txt×2, .log×2
      内层: 1 Nature Backgrounds / 10 Body Sounds / 11 Crashes,Impacts & Swishes / 12 Sports & Boats / 13 Humans Coughs,Laughs,Grunts,Screams,Moans,Farts / 14 Crowds,Kids,Babies,Heartbeats / 15 Interior Crowds & Ambiences / 16 Household / 17 Telephones,Cameras,Clocks / 18 Doors,Squeaks,Creaks
      样例: Period Combat/Musket Cocks Multiple 03.wav | Period Combat/Flint Quick Mix 01.wav | Period Combat/Flint Quick Mix 02.wav
  ● Rock The Speakerbox - Broken | 724 件 | 10.30 GB
      类型: .wav×718, .url×5, .txt×1
      非音频 6: .url×5, .txt×1
      内层: Construction Kit / Designed / LookAE.com
      样例: Designed/BROKEN - DESIGNED - WALL Drywall Wood Smash 03.wav | Designed/BROKEN - DESIGNED - METAL Stress Groan Rattle Pitched 05.wav | Designed/BROKEN - DESIGNED - MINE SHAFT Wood Metal Stress Long 01.wav
  ● Sound Morph - Matter Mayhem | 1396 件 | 6.19 GB
      类型: .wav×1396
      内层: 01. Big Blow Up - Stoney Structures / 02. Big Blow Up - Wood Structures / 03. Blasts / 04. Blasts Various / 05. Blow Up - Stone Pebble Earth / 06. Blow Up - Metal / 07. Blow Up - Wood / 08. Debris - Stone / 09. Debris - Wood / 10. Debris - Glass
      样例: 03. Blasts/Matter Mayhem - Blasts - Crunch Echo_02.wav | 03. Blasts/Matter Mayhem - Blasts - Crunch Echo_03.wav | 03. Blasts/Matter Mayhem - Blasts - Thats Your Big Boy_04.wav
  ● Sound Morph - Sinematic | 432 件 | 4.22 GB
      类型: .wav×427, .nbkt×5
      非音频 5: .nbkt×5
      内层: 1. Stutter Risers / 10. Whoosh Bys / 11. Bowed Cymbal Designed / 12. Source Recordings Distorted Synths / 13. Source Recordings Impacts Synthesized / 14. Source Recordings Metal / 15. Source Recordings Various / 16. Source Recordings Robo Synths / 17. Source Recordings Bowed Cymbal / 18. Source Recordings Whoosh
      样例: 13. Source Recordings Impacts Synthesized/Sinematic - Source Recordings - Impact Synths - FM Drum.wav | 13. Source Recordings Impacts Synthesized/Sinematic - Source Recordings - Impact Synths - Synthesized CleanVerb 001.wav | 13. Source Recordings Impacts Synthesized/Sinematic - Source Recordings - Impact Synths - Tom Large.wav
  ● Visual Tone - Essential Flow Sound Effects | 134 件 | 0.34 GB
      类型: .wav×131, .mov×2, .pdf×1
      非音频 3: .mov×2, .pdf×1
      内层: A word from the creators / Ambient Textures / Drones Underscores / Risers / Slowmotion / Timelapses / Transitions
      样例: VT - Essential Flow SFX License Agreement.pdf | A word from the creators/Daniel Deuschle - Thank You.MOV | A word from the creators/Bryn North - Thank You.mov
  ● Wind | 13 件 | 0.22 GB
      类型: .wav×13
      内层: Blustery Hilltop Wind.wav / Cold Wind.wav / Ghost Town Wind.wav / Gusty Wind 01.wav / Gusty Wind 02.wav / Howling Wind 01.wav / Howling Wind 02.wav / Leafy Tree Wind Heavy.wav / Leafy Tree Wind Lite.wav / Violent Rustling Wind.wav
      样例: Cold Wind.wav | Leafy Tree Wind Heavy.wav | Wind Foley Sweetener With Debris 01.wav
  ● [Blastwave.FX]Collection | 20124 件 | 57.32 GB
      类型: .wav×17478, .ovf×1621, .mp3×999, .pdf×17, .xls×9
      非音频 1647: .ovf×1621, .pdf×17, .xls×9
      内层: [Blastwave.FX]Animals 1 / [Blastwave.FX]Buzzsaw 2 / [Blastwave.FX]Imaging Elements 5.1 Library Stereo Mixdowns / [Blastwave.FX]Imaging Elements Sound Effects Library 24-48 5.1 SSFX / [Blastwave.FX]Production Elements Beds 02 / [Blastwave.FX]Production Elements Compositions 01 / [Blastwave.FX]Production Elements Compositions 02 / [Blastwave.FX]Production Elements Data FX 01 / [Blastwave.FX]Production Elements Data FX 02 / [Blastwave.FX]Revolver 5.1 Production Elements
      样例: [Blastwave.FX]Production Elements Data FX 01/PP_IMAGING ELEMENTS DATA FX I_DATA.pdf | [Blastwave.FX]Production Elements Data FX 01/PP_IMAGING ELEMENTS DATA FX I_DATA.xls | [Blastwave.FX]Production Elements Data FX 01/PRODUCTION ELEMENTS/PREL_Data_FX_BW01.690.wav
  ● [Hollywood.Edge]The Edge Edition | 378 件 | 2.11 GB
      类型: .wav×373, .pek×4, .pdf×1
      非音频 5: .pek×4, .pdf×1
      内层: TE-1 / TE-2 / TE-3 / TE-4
      样例: edge_edition.pdf | TE-1/59 Dolphins,3 Versions.wav | TE-1/47 Dog Sniffs.wav
  ● [Hollywood.Edge]The Eerie Edition Sound FX_可怕的 | 293 件 | 1.94 GB
      类型: .wav×288, .txt×5
      非音频 5: .txt×5
      内层: CD1 / CD2 / CD3
      样例: The.Eerie.Edition_Track.listing.txt | description.txt | CD3/Eerie-Edition-CD3_41.WAV
  ● [Samplesourcer]Collecyion | 4014 件 | 0.90 GB
      类型: .wav×4014
      内层: [Samplesourcer]Drill / [Samplesourcer]Guns
      样例: [Samplesourcer]Drill/Senior Drill Instructor/Drill Commands - outside/drill commands_right step march.wav | [Samplesourcer]Drill/Senior Drill Instructor/Drill Commands - outside/drill commands_about face.wav | [Samplesourcer]Drill/Senior Drill Instructor/Drill Commands - outside/drill commands_at ease.wav
  ● [Sound.Ideas]Drone Archeology | 100 件 | 0.79 GB
      类型: .wav×97, .pkf×1, .url×1, .pdf×1
      非音频 3: .pkf×1, .url×1, .pdf×1
      内层: ANCIENT RUINS - D2.wav / ANNOUNCEMENT - G1.wav / BELL DRONES - GONG WHISPERS - GB2.wav / BELL DRONES - MEANDERING BELLS - E2.wav / BELL DRONES - TIBETAN TRANQUILLITY - C1.wav / DEEP HARMONIC WAVE - E1.wav / DRAMA DRONES - ALMOST RESOLVED - E1.pkf / DRAMA DRONES - ALMOST RESOLVED - E1.wav / DRAMA DRONES - ANGUISH - G2.wav / DRAMA DRONES - AT PEACE - E1.wav
      样例: SOLEMN PROCESSION - D1.wav | INDUSTRY DRONES - DRILLING THROUGH ROCK - A0.wav | DRAMA DRONES - REBIRTH - C2.wav
  ● [Sound.Ideas]The Metropolis Science Fiction Toolkit | 199 件 | 0.83 GB
      类型: .wav×197, .pdf×1, .pek×1
      非音频 2: .pdf×1, .pek×1
      内层: Sound.Ideas.The.Metropolis.Science.Fiction.Toolkit.CD01 / Sound.Ideas.The.Metropolis.Science.Fiction.Toolkit.CD02
      样例: Sound.Ideas.The.Metropolis.Science.Fiction.Toolkit 1.PDF | Sound.Ideas.The.Metropolis.Science.Fiction.Toolkit.CD01/65. low large soft collision v1- v2.wav | Sound.Ideas.The.Metropolis.Science.Fiction.Toolkit.CD01/89. lunar landscape.wav
  ● [Sound.Ideas]The Metropolis Science Fiction Toolkit Vol.2 | 3 件 | 0.48 GB
      类型: .cue×1, .pdf×1, .bin×1
      非音频 3: .cue×1, .pdf×1, .bin×1
      内层: dyn-simsftkv2.bin / dyn-simsftkv2.cue / metro2.pdf
      样例: dyn-simsftkv2.cue | metro2.pdf | dyn-simsftkv2.bin
  ● [Sound.Ideas]The SFX Kit For Game | 19303 件 | 3.00 GB
      类型: .wav×19221, .pek×45, .dll×29, .pkf×2, .exe×2, .pdf×1
      非音频 82: .pek×45, .dll×29, .pkf×2, .exe×2, .pdf×1, .fp5×1
      ⚠️ 可疑可执行×31
      内层: CD1 / CD2 / CD3 / CD4 / CD5 / CD6 / CD7 / CD8
      样例: Sound.Ideas.The.SFX.Kit for game.PDF | CD3/Footsteps/Snow - New Fallen/Foot_Snow_Walk12.wav | CD3/Footsteps/Snow - New Fallen/Foot_Snow_Walk15.wav
      !! /volume1/主目录/Collection/素材&模板&音库/音效/01_商业音效包/[Sound.Ideas]The SFX Kit For Game/CD8/SI-SFXKIT/FM_fp5.DLL
      !! /volume1/主目录/Collection/素材&模板&音库/音效/01_商业音效包/[Sound.Ideas]The SFX Kit For Game/CD8/SI-SFXKIT/CLPROOF.DLL
      !! /volume1/主目录/Collection/素材&模板&音库/音效/01_商业音效包/[Sound.Ideas]The SFX Kit For Game/CD8/SI-SFXKIT/XercesParserLiaison.dll
      !! /volume1/主目录/Collection/素材&模板&音库/音效/01_商业音效包/[Sound.Ideas]The SFX Kit For Game/CD8/SI-SFXKIT/XPath.dll
      !! /volume1/主目录/Collection/素材&模板&音库/音效/01_商业音效包/[Sound.Ideas]The SFX Kit For Game/CD8/SI-SFXKIT/FMWFC10.DLL
  ● [Sound.Ideas]The Underwater Sound Effects Series | 477 件 | 1.71 GB
      类型: .wav×476, .pek×1
      非音频 1: .pek×1
      内层: CD1 / CD2 / CD3
      样例: CD3/UWT03 63 Water, Ocean - Underwater Heavy Waves Coming Into Shore, Ambience.wav | CD3/UWT03 95 Water, Waterfall - Small Underwater Waterfall; Strange Globbing & Tearing Ambience.wav | CD3/UWT03 90 01 Water, Splash - Quick Underwater Splash Impact.wav
  ● [Sound.Ideas]Thunder Sound Effects | 115 件 | 1.29 GB
      类型: .wav×109, .pek×3, .jpg×1, .pdf×1, .db×1
      非音频 6: .pek×3, .jpg×1, .pdf×1, .db×1
      内层: CD1 / CD2
      样例: cover.jpg | content.pdf | Thumbs.db
  ● [Tonsturm]01 Breaking Glass | 394 件 | 5.54 GB
      类型: .wav×393, .pdf×1
      非音频 1: .pdf×1
      内层: TONSTURM_01_Breaking_Glass_Decoded_MS_to_LR_192kHz / TONSTURM_01_Breaking_Glass_Decoded_MS_to_LR_96kHz / TONSTURM_01_Breaking_Glass_MS_192kHz / TONSTURM_01_Breaking_Glass_MS_96kHz
      样例: TONSTURM_License_Agreement.pdf | TONSTURM_01_Breaking_Glass_MS_96kHz/Ext Glasspane Wired Glass 200x60cm 2of6 Iron Bar MS.wav | TONSTURM_01_Breaking_Glass_MS_96kHz/Ext Glasspane Laminated 200x60cm 5of7 iron bar MS.wav
  ● [Tonsturm]02 Electricity | 443 件 | 9.45 GB
      类型: .wav×442, .pdf×1
      非音频 1: .pdf×1
      内层: TONSTURM_02_Electricity_Decoded_MS_to_LR_192kHz / TONSTURM_02_Electricity_MS_192kHz
      样例: TONSTURM_License_Agreement.pdf | TONSTURM_02_Electricity_MS_192kHz/Electricity Arc Welding Sparks 15 Mono.wav | TONSTURM_02_Electricity_MS_192kHz/Big Discharge Ceramic Isolation 04 Schoeps MS.wav
  ● [WHO01] | 188 件 | 0.25 GB
      类型: .wav×188
      内层: 1950sRayGun WHO01_57.wav / AhhGrasshopperSp WHO01_47_2.wav / AirwaveTuning WHO01_58.wav / AndInTheEndHit WHO01_52_4.wav / AndNowTheNews WHO01_03_2.wav / Applause WHO01_76.wav / BigBoom WHO01_51_3.wav / BigGlassBreaking WHO01_65.wav / BigLowDrone WHO01_07.wav / BigLowGong WHO01_40_2.wav
      样例: WhispySynthSurfL WHO01_13_4.wav | DoubleSlideWhist WHO01_61_1.wav | Doorbell WHO01_72.wav
  ● [WHO02] | 331 件 | 0.54 GB
      类型: .wav×329, .pek×1, .url×1
      非音频 2: .pek×1, .url×1
      内层: AbortedAscentWho WHO02_58_3.wav / AbruptPhasedWhoo WHO02_40_6.wav / AbruptTouchdown WHO02_52_4.wav / AfterburnerWhoos WHO02_63_3.wav / AggressiveDescen WHO02_44_4.wav / AirDisplacementW WHO02_78_6.wav / AlienLogo WHO02_12_1.wav / AmbientRadiation WHO02_88_3.wav / AnnouncementLogo WHO02_09.wav / ApproachAndSkidW WHO02_71_4.wav
      样例: HyperdrivePass WHO02_55_2.wav | GrandEntranceDro WHO02_26_3.wav | LaunchWhooshWith WHO02_85_1.wav
  ● [WHO03] | 445 件 | 0.47 GB
      类型: .wav×442, .pek×3
      非音频 3: .pek×3
      内层: AlienGrowlBy1 WHOO3_86_1.wav / AlienGrowlBy2 WHOO3_86_2.wav / AlienGrowlBy3 WHOO3_86_3.wav / AlienSneakBy WHOO3_92_1.wav / AngryFlutterWhoo WHOO3_81_1.wav / AngryFlutterWhoo WHOO3_81_2.wav / AngryFlutterWhoo WHOO3_81_3.wav / AngryFlutterWhoo WHOO3_81_4.wav / AngryFlutterWhoo WHOO3_81_5.wav / AngryFlutterWhoo WHOO3_81_6.wav
      样例: PhasedSwirlingFl WHOO3_82_2.wav | RestlessSpiritRo WHOO3_77_1.wav | SharpHollowSlici WHOO3_52_3.wav
  ● [WHO04] | 446 件 | 0.25 GB
      类型: .wav×445, .pek×1
      非音频 1: .pek×1
      内层: AiryPhaseBy WHOO4_89_4.wav / AstralSputterBy WHOO4_95_2.wav / BigBuzzSweep WHOO4_90_3.wav / BigDoublePhasedW WHOO4_20_3.wav / BigEnergyFlutter WHOO4_97_2.wav / BigFlutterWhoosh WHOO4_84_4.wav / BigFlutterWhoosh WHOO4_84_5.wav / BigFlutterWhoosh WHOO4_84_6.wav / BigHollowSwirlin WHOO4_54_1.wav / BigHollowSwirlin WHOO4_54_2.wav
      样例: ThinJetWhoosh3 WHOO4_44_3.wav | SwirlingJetWhoos WHOO4_45_4.wav | PsychedelicSpace WHOO4_99_3.wav
  ● [WHO05] | 533 件 | 0.43 GB
      类型: .wav×533
      内层: AiryDroneSweep1 WHO05_70_2.wav / AiryDroneSweep2 WHO05_70_3.wav / ApparitionPassBy WHO05_23_1.wav / ApparitionPassBy WHO05_23_2.wav / ApparitionPassBy WHO05_23_3.wav / ApparitionPassBy WHO05_23_4.wav / ApparitionPassBy WHO05_23_5.wav / ApparitionPassBy WHO05_23_6.wav / ApparitionPassBy WHO05_23_7.wav / ApparitionPassBy WHO05_23_8.wav
      样例: DistantRealm2 WHO05_32_2.wav | RapidFireZapShot WHO05_97_1.wav | HardBuzzerInterf WHO05_44_2.wav
  ● [WHOBonus] | 103 件 | 0.07 GB
      类型: .wav×101, .pek×2
      非音频 2: .pek×2
      内层: AbruptWhoosh_Bonus 41.wav / AbruptWhoosh_Bonus 41.wav 44100.pek / AirRelease_Bonus 89.wav / AlarmWhoosh_Bonus 51.wav / AlarmWhoosh_Bonus 52.wav / AlienLanding_Bonus 76.wav / BeaconWhoosh_Bonus 79.wav / BreathyWhoosh_Bonus 59.wav / CrashWhoosh_Bonus 38.wav / CrashWhoosh_Bonus 39.wav
      样例: ShortRip_Bonus 47.wav | ShortWhoosh_Bonus 105.wav | HollowMetalHit_Bonus 81.wav

################ 02_中文音效合集
  ● BD音效库 | 20370 件 | 31.28 GB
      类型: .mp3×13711, .wav×6584, (无后缀)×46, .pek×8, .aif×7, .url×3
      非音频 66: ×46, .pek×8, .url×3, .zip×2, .txt×2, .mp4×1
      ⚠️ 空文件×4 | 可疑可执行×1
      内层: BD-FX / 极品音效库 / 附赠音效库（转场+撞击+音效+环境音）
      样例: 音效库概览讲解.mp4 | AA免责声明AA.png | 附赠音效库（转场+撞击+音效+环境音）/环境音效大全/环境声/00150_SFX.mp3
      !! /volume1/主目录/Collection/素材&模板&音库/音效/02_中文音效合集/BD音效库/极品音效库/MotionPulse_BlackBox_24-Bit_Wav/ORGANIC/Abstract/ORGANIC.lnk
  ● 卡通（华纳兄弟电影） | 101 件 | 0.44 GB
      类型: .wav×97, .pkf×4
      非音频 4: .pkf×4
      内层: 01 Cartoon,Approach,Quick Stop With Skid.wav / 02 Cartoon,Fast Approach,Run Over Character.wav / 03 Cartoon,Long Skid,Crash With Warble.wav / 04 Cartoon,Airplane Buzz By,Crash Into Mountain.wav / 05 Cartoon,Trip,Flip,Fall With Heavy Impact.wav / 06 Cartoon,Fire Slingshot,Pop Balloon,Long Fall With Impact.wav / 07 Cartoon,Draw Bow,Fire,Arrow Zip By,Impact,Archery.wav / 08 Cartoon,Fast,Heavy Fall With Explosive Impact.wav / 09 Cartoon,Long Fall,Heavy Crash.wav / 10 Cartoon,Hoist Piano With Pulley,Break,Fall,Big Crash.wav
      样例: 71 Cartoon,Auto Screwy,Squeaky Motor Running.wav | 98 Cartoon,Drums Long Buzz Roll On Snare Drum,Percussion,Music.wav | 54 Cartoon,Dog Fast Panting With Some Growls.wav
  ● 卡通（华纳兄弟电影） (2) | 98 件 | 0.46 GB
      类型: .wav×98
      内层: 01 Cartoon,Electricity Short Electrical Arc.wav / 02 Cartoon,Explosion Powerful Explosive Blast.wav / 03 Cartoon,Fall Heavy Rock Falling On Other Rocks,Wood Floor.wav / 04 Cartoon,Fall Heavy Rock Or Log Tumble.wav / 05 Cartoon,Fall Wooden Board Fall On Floor.wav / 06 Cartoon,Fall Long Continuous Fall Down Stairs.wav / 07 Cartoon,Fall Turtle Shell Bounce,Tumble On Wood.wav / 08 Cartoon,Fish Fish Flopping Fast.wav / 09 Cartoon,Footstep Several People Marching Quickly In Unison.wav / 10 Cartoon,Fuse Long Fuse Sizzling,Sizzle.wav
      样例: 35 Cartoon,Jug Remove Squeaky Cork From Jug.wav | 62 Cartoon,Panting Heavy Panting,Slow Pace,Breathe.wav | 73 Cartoon,Pop Whooshy Pop.wav
  ● 卡通（华纳兄弟电影） (3) | 97 件 | 0.43 GB
      类型: .wav×97
      内层: 01 Cartoon,Squawk Small Horn Bonk.wav / 03 Cartoon,Squeak Wood Squeak.wav / 04 Cartoon,Squeak Several Rubber Squeaks,Stretch.wav / 05 Cartoon,Squeak Resin Squeak,Stretch.wav / 06 Cartoon,Squeak Single Rocking Chair Squeak.wav / 07 Cartoon,Squeak Short Metal Hinge Squeak.wav / 08 Cartoon,Squeak Long Cork Squeak.wav / 09 Cartoon,Squeak Continuous Little Squeaks.wav / 10 Cartoon,Squeeze Quick Hard Grab.wav / 11 Cartoon,Squeeze Big Accordion Squeeze.wav
      样例: 62 Cartoon,Blow Quick,Hard Blow.wav | 15 Cartoon,Stretch Guitar Bend;Continuous Springy Stretching.wav | 70 Cartoon,Gargle Short Bubbly Gargle.wav
  ● 布斯的音效库 | 2107 件 | 6.50 GB
      类型: .wav×1093, .mp3×997, .m4a×10, (无后缀)×2, .url×2, .wma×1
      非音频 5: ×2, .url×2, .m4v×1
      内层: 上升 Risers / 信号干扰故障音效 / 击打-Hits / 大势所趋，一往无前TVC视频音效库 / 快&慢 / 气氛音效 / 特效音效 / 环境音效 / 美食音效 / 胶片老电影音效包
      样例: .DS_Store | 美食音效/喝汤的声音.mp3 | 美食音效/喝酒的声音.mp3
  ● 欢呼、鼓掌 | 98 件 | 0.74 GB
      类型: .wav×98
      内层: 01 Applause Indoor_Small Studio Audience,Light.wav / 02 Applause Indoor_Small Studio Audience,Medium.wav / 03 Applause Indoor_Small Studio Audience,Heavy.wav / 04 Applause Indoor_Small Studio Audience,Clapping In Unison.wav / 05 Applause Indoor_Small Crowd In Large Room,Light.wav / 06 Applause Indoor_Small Crowd In Large Room,Medium.wav / 07 Applause Indoor_Small Crowd In Large Room,Heavy.wav / 08 Applause Indoor_Small Crowd In Bar.wav / 09 Applause Indoor_Medium Crowd In Theater.wav / 10 Applause Indoor_Medium Crowd In Theater.wav
      样例: 45 Applause,Cheering Outdoor_Stadium,Large Crowd.wav | 13 Applause Indoor_Large Convention Crowd.wav | 82 Crowd,Booing Outdoor_Stadium Crowd.wav
  ● 气氛音乐音效 | 1752 件 | 17.33 GB
      类型: .wav×998, .mp3×691, .pek×62, .mp4×1
      非音频 63: .pek×62, .mp4×1
      内层: Anticipation SFX / Archetype SFX / Endurance SFX / Idyllic / Statement SFX
      样例: Idyllic/Tutorial - Getting Started with Idyllic.mp4 | Idyllic/04 - Strings/ST 06 Come to This.wav | Idyllic/04 - Strings/ST 07 Evocation.wav
  ● 汽车 | 46 件 | 0.81 GB
      类型: .wav×46
      内层: 01 Auto,'90 Grand Am Ext_Start,Idle,Pull Away On Dirt,Slow Speed,Exit R.wav / 02 Auto,'90 Grand Am Ext_Start,Idle,Pull Away On Dirt,Med Speed,Exit R.wav / 03 Auto,'90 Grand Am Ext_Start,Idle,Pull Away On Dirt,Fast Speed,Exit R.wav / 04 Auto,'90 Grand Am Ext_Start,Pull Away Spinning Tires On Dirt,Exit R.wav / 05 Auto,'90 Grand Am Ext_Start,Idle,Pull Away Slow On Dirt,From Rear.wav / 06 Auto,'90 Grand Am Ext_Start,Idle,Pull Away Med On Dirt,From Rear.wav / 07 Auto,'90 Grand Am Ext_Start,Idle,Pull Away Fast On Dirt,From Rear.wav / 08 Auto,'90 Grand Am Ext_Pull Away Spinning Tires On Dirt,From Rear.wav / 09 Auto,'90 Grand Am Ext_Pull Up Slow On Dirt From L,Stop,Idle,Shut Off.wav / 10 Auto,'90 Grand Am Ext_Pull Up Med On Dirt From L,Stop,Idle,Shut Off.wav
      样例: 27 Auto,'90 Grand Am Ext_Drive On Dirt,Coast To Stop,Engine Off,Rear.wav | 32 Auto,'90 Grand Am Int_Spin Tires,Drive Fast On Dirt,Skid To Stop.wav | 14 Auto,'90 Grand Am Ext_Pull Up Med On Dirt Head On,Stop,Idle,Off.wav
  ● 火 | 103 件 | 0.71 GB
      类型: .wav×99, .pek×4
      非音频 4: .pek×4
      内层: 01 Fire,Gas Gas Fire Igniting.wav / 02 Fire,Gas Small Gas Flame,Close Up.wav / 03 Fire,Paper Sheet Of Newspaper,Burning.wav / 04 Fire,Fireplace Wood Burning In Fireplace,Lots Of Crackling.wav / 05 Fire,Fireplace Wood Burning In Fireplace.wav / 05 Fire,Fireplace Wood Burning In Fireplace.wav 44100.pek / 06 Fire,Fireplace Wood Burning In Fireplace.wav / 06 Fire,Fireplace Wood Burning In Fireplace.wav 44100.pek / 07 Fire,Fireplace Wood Burning In Fireplace,Wet Wood Hissing.wav / 08 Fire,Fireplace Wood Burning In Fireplace,Distant.wav
      样例: 34 Fire,Extinguisher Group Of 3 Short Blasts At Fire,Dry Chemical Type.wav | 53 Fire Truck Start,Idle,Exterior.wav | 90 Hat Felt Hat Put On.wav
  ● 环境音 | 44 件 | 0.80 GB
      类型: .wav×41, .url×3
      非音频 3: .url×3
      内层: 01 Conversation.wav / 02 Conversation.wav / 03 Whispering.wav / 04 Party Ambience.wav / 05 Party Ambience.wav / 06 Wedding, Dinner Ambience.wav / 07 Convention Ambience.wav / 08 Stock Exchange, General Ambience.wav / 09 Hotel Lobby, Light Ambience.wav / 10 Hotel Lobby, Heavy Ambience.wav
      样例: 01 Conversation.wav | 31 Conversation, Laughter.wav | 10 Hotel Lobby, Heavy Ambience.wav
  ● 电影级音效 | 1969 件 | 5.78 GB
      类型: .wav×1961, .htm×7, .txt×1
      非音频 8: .htm×7, .txt×1
      内层: IMPACT（冲击） / MACHINE（机械的） / ORGANIC（有机物） / SIGNAL（信号） / ToolKit（工具包） / VELOCITY（速度）
      样例: ORGANIC（有机物）/Wind（风）/Wind_Heavy_02.wav | ORGANIC（有机物）/Wind（风）/Wind_Rumble_02.wav | ORGANIC（有机物）/Wind（风）/Wind_Howl_01.wav
  ● 电影音效 | 63 件 | 0.33 GB
      类型: .wav×44, .pek×16, .mp3×2, .mkv×1
      非音频 17: .pek×16, .mkv×1
      内层: 主观—闪回—快—电影《疯狂麦克斯4》.wav / 九尾—压迫—上升—乌鸦—电影《疯狂麦克斯4》.wav / 九尾—小黑狐—主观—电影《妖猫传》.mkv / 九尾—小黑狐—快速掠过—电影《神奇动物在哪里》.wav / 九尾—小黑狐—快速掠过—电影《神奇动物在哪里》.wav 44100.pek / 九尾—幻术—内—低频振动.wav / 九尾—幻术—内—低频振动.wav 48000.pek / 九尾—幻术—血肉重筑—电影《神奇动物在哪里》.wav / 九尾—幻术—血肉重筑—电影《神奇动物在哪里》.wav 44100.pek / 九尾—幻术—质感.wav
      样例: 地震_回响_空.wav | 天庭_金尊_经文.mp3 | 爆炸_回响长.wav 48000.pek
  ● 百万剪辑狮的音效库 | 4484 件 | 7.10 GB
      类型: .wav×2436, .mp3×1898, .caf×79, (无后缀)×32, .sfk×32, .m4a×2
      非音频 67: ×32, .sfk×32, .zip×1, .txt×1, .mp4×1
      ⚠️ 脏名字符×2
      内层: 乐器音效 / 人声音效 / 体育音效 / 动作音效 / 动物音效 / 场景音效 / 操作音效 / 效果音效 / 武器音效 / 细节音效
      样例: 人声音效/.DS_Store | 人声音效/喷嚏/喷嚏1.MP3 | 人声音效/喷嚏/喷嚏13.MP3
  ● 脚步声 | 110 件 | 0.83 GB
      类型: .wav×98, .pek×10, .pkf×2
      非音频 12: .pek×10, .pkf×2
      内层: 01 Footsteps, Concrete Male Leather Sole.wav / 01 Footsteps, Concrete Male Leather Sole.wav 44100.pek / 02 Footsteps, Concrete Male Leather Sole.wav / 03 Footsteps, Concrete Male Leather Sole.wav / 04 Footsteps, Concrete Male Sneakers.wav / 05 Footsteps, Concrete Male Sneakers.wav / 06 Footsteps, Concrete Male Sneakers.wav / 07 Footsteps, Concrete Male Barefoot.wav / 07 Footsteps, Concrete Male Barefoot.wav 44100.pek / 08 Footsteps, Concrete Male Barefoot.wav
      样例: 45 Footsteps, Creaky Flr Male Sneakers.wav | 13 Footsteps, Concrete Female Sneakers.wav | 39 Footsteps, Con, Gritty Cowboy Boots.wav
  ● 脚步声02 | 145 件 | 0.87 GB
      类型: .wav×134, .pek×7, .pdf×2, .aif×2
      非音频 9: .pek×7, .pdf×2
      内层: 01 Footsteps, Wood Male Leather Sole.wav / 02 Footsteps, Wood Male Leather Sole.wav 44100.pek / 03 Footsteps, Wood Male Leather Sole.wav / 04 Footsteps, Wood Male Sneakers.wav / 05 Footsteps, Wood Male Sneakers.wav / 06 Footsteps, Wood Male Sneakers.wav / 07 Footsteps, Wood Male Barefoot.wav / 08 Footsteps, Wood Male Barefoot.wav / 08 Footsteps, Wood Male Barefoot.wav 44100.pek / 09 Footsteps, Wood Male Barefoot.wav
      样例: 76 Footsteps, Metal Male Leather Sole.wav | 75 Footsteps, Metal Male Leather Sole.wav | 83 Footsteps, Metal Female Sneakers.wav
  ● 转场常用音效 | 171 件 | 0.12 GB
      类型: .wav×97, .mp3×50, .pek×23, .pkf×1
      非音频 24: .pek×23, .pkf×1
      内层: 0.转场音效 / 1转场常用音效 / 2备用轻音效 / 3其他 / Atmospheric Undertones / Fight Sounds / Hits _ Impacts / MISC / Sound / Whooshes
      样例: 0.转场音效/转场_12.wav | 0.转场音效/转场_34.wav | 0.转场音效/06.wav
  ● 音效素材1 | 26043 件 | 3.14 GB
      类型: .wma×21298, .wav×2288, .mp3×1796, .mid×645, .pk×13, .txt×1
      非音频 661: .mid×645, .pk×13, .txt×1, .url×1, .png×1
      内层: 58种水声音效 / MAC系统声音 / Swishes / mid背景音乐 / 东西落地声 / 二胡 / 传真 / 低环 / 低音 / 低音管
      样例: 重大注意事项【必看】.txt | 发动机声熄火声机器声/100034.WAV | 发动机声熄火声机器声/100057.WAV
  ● 音效素材2 | 6576 件 | 2.48 GB
      类型: .mp3×2500, .wav×2357, .wma×1700, .aiff×10, .aif×6, .mid×1
      非音频 3: .mid×1, .ini×1, .rm×1
      内层: 乱摸唱片 / 交通 / 交通-贸易 / 交通工具 / 今年声 / 光低音 / 光效音 / 克林巴琴 / 公共汽车 / 六弦琴
      样例: 拉衣服/200340.wav | 拉衣服/200359.wav | 破碎/24.WAV
  ● 音效素材3 | 4570 件 | 1.88 GB
      类型: .wav×2359, .mp3×2059, .mid×139, .wma×3, (无后缀)×2, .txt×2
      非音频 147: .mid×139, ×2, .txt×2, .lnk×2, .ewc×2
      ⚠️ 空文件×4 | 脏名字符×3 | 可疑可执行×2
      内层: 一声脆铃 / 一种小鼓 / 一群人 / 三角器 / 乡野之音 / 事件声音 / 人声 / 人声音效 / 人群 / 修车声
      样例: 一种小鼓/3.mp3 | 一种小鼓/1.mp3 | 一种小鼓/2.mp3
      !! /volume1/主目录/Collection/素材&模板&音库/音效/02_中文音效合集/音效素材3/汽车防盗声/更多视频素材---99817062.taobao.com    QQ：99817062.lnk
      !! /volume1/主目录/Collection/素材&模板&音库/音效/02_中文音效合集/音效素材3/汽车防盗声/更多视频素材--99817062.taobao.com    QQ：99817062.lnk
  ● 飞机 | 57 件 | 0.76 GB
      类型: .wav×57
      内层: 01 Airplane,Biplane Stearman_From Cockpit,Start,Idle.wav / 02 Airplane,Biplane Stearman_From Cockpit,Idle,Take Off.wav / 03 Airplane,Biplane Stearman_From Cockpit,Idle,Take Off.wav / 04 Airplane,Biplane Stearman_From Cockpit,In Flight.wav / 05 Airplane,Biplane Stearman_From Cockpit,In Flight,Land,Idle,Shut Off.wav / 06 Airplane,Biplane Stearman_Ext_Start,Idle,Shut Off.wav / 07 Airplane,Biplane Stearman_Ext_Idle,Take Off.wav / 08 Airplane,Biplane Stearman_Ext_Pass By.wav / 09 Airplane,Biplane Stearman_Ext_Pass By.wav / 10 Airplane,Single Prop Cessna_Int_Start,Idle.wav
      样例: 05 Airplane,Biplane Stearman_From Cockpit,In Flight,Land,Idle,Shut Off.wav | 32 Airplane,Twin Prop King Air_Int_Taxi To Tarmac,Shut Off.wav | 41 Airplane,Twin Prop King Air_Ext_Approach,Land.wav
  ● 飞机02 | 99 件 | 0.82 GB
      类型: .wav×99
      内层: 01 Airplane,Turbo Prop Gulfstream_Ext_Take Off.wav / 02 Airplane,Turbo Prop Gulfstream_Ext_Pass Overhead Before Landing.wav / 03 Airplane,Turbo Prop Gulfstream_Ext_Landing.wav / 04 Airplane,Turbo Prop Dash 8_Ext_Taxi Past.wav / 05 Airplane,Turbo Prop Dash 8_Ext_Take Off.wav / 06 Airplane,Turbo Prop Dash 8_Ext_Pass Overhead Before Landing.wav / 07 Airplane,Turbo Prop Dash 8_Ext_Landing.wav / 08 Airplane,Turbo Prop C-2 Greyhound_Int_Taxi Before Take Off.wav / 09 Airplane,Turbo Prop C-2 Greyhound_Int_Take Off.wav / 10 Airplane,Turbo Prop C-2 Greyhound_Int_In Flight.wav
      样例: 72 Airplane,Cabin Int_Cabin_In Flight.wav | 25 Airplane,Jet Dc-9_Ext_Taxi Past.wav | 71 Airplane,Cabin Int_Cabin_Take Off And Climb.wav
  ● 魔法法术咒语技能释放音效 | 1700 件 | 12.66 GB
      类型: .wav×1700
      内层: Cinetools Witchcraft
      样例: Cinetools Witchcraft/Pre-Designed/WC_Acid_MagicSteam6_CT.wav | Cinetools Witchcraft/Pre-Designed/WC_Ice_Impact&Crumble5_CT.wav | Cinetools Witchcraft/Pre-Designed/WC_Earth_RockCrumble_CT.wav
  ● 鸟，动物 | 99 件 | 0.80 GB
      类型: .wav×96, .pek×1, .r×1, .l×1
      非音频 3: .pek×1, .r×1, .l×1
      内层: 01 Bird,Blue JAY Single Calls X 2.wav / 02 Bird,Budgies Ambience_Various Calls.wav / 02 Bird,Budgies Ambience_Various Calls.wav 44100.pek / 03 Bird,Canaries Ambience_Various Calls.wav / 04 Bird,Farm Chicks Small Farm_Group Chicks X 2.wav / 05 Bird,Farm Chickens Ambience_Farm Chickens X 2.wav / 06 Bird,Silky Chicken Single Calls X 2.wav / 07 Bird,Cockatiel Cockatiel X 3.wav / 08 Bird,Crow Common Crow_Calls.wav / 09 Bird,Ducks Mallard_Two Ducks Calling.wav
      样例: 68 Horse Exterior_Whinny X 4.wav | 99 Wolf,Wolves Timber-Wolves_Howling X 3.wav | 92 Pigs Ambience_Small Group In Pen.wav

################ 03_项目素材
  ● LTT_V30All | 1759 件 | 25.77 GB
      类型: .wav×1281, .mp3×223, .jpg×115, .psd×90, .m4a×33, .prproj×9
      非音频 216: .jpg×115, .psd×90, .prproj×9, .prlock×2
      内层: 01 Bright Winds.mp3 / 01 Bright Winds.wav / 01 Chain Rattle Heavy Chain Un-spool.wav / 01 Childhood.mp3 / 01 Cloth Zuzz And Fast Impact On Body.wav / 01 Dark Riser A.wav / 01 Deep Whoosh A.wav / 01 Footsteps, Concrete Male Leather Sole.wav / 01 Forrest Ambience 1  Light Birds.wav / 01 Rain_ Light.wav
      样例: 68 Horse Exterior_Whinny X 4.wav | E25_黑雪_刚哥_20220623_补.wav | WC_Ice_Debris3_CT.wav

################ 99_待整理
  [文件] 13 Fast Whoosh A.wav | 1037284 B
  ● _命名冲突 | 200 件 | 1.17 GB
      类型: .wav×191, .mp3×9
      ⚠️ 空文件×1
      内层: 01_商业音效包 / 02_中文音效合集 / 03_项目素材
      样例: 01_商业音效包/[Tonsturm]01 Breaking Glass/TONSTURM_01_Breaking_Glass_Decoded_MS_to_LR_96kHz/Int 18 Small Glass Pane Hit Hammer 02 LR.wav | 01_商业音效包/[Tonsturm]01 Breaking Glass/TONSTURM_01_Breaking_Glass_MS_192kHz/Int 32 Glass Debris Friction Crackle 02 MS.wav | 01_商业音效包/[Tonsturm]01 Breaking Glass/TONSTURM_01_Breaking_Glass_Decoded_MS_to_LR_192kHz/Int 33 Glass Debris Friction Crackle Fine LR.wav
  ● 临时 | 438 件 | 1.26 GB
      类型: .wav×229, .mp3×204, .aiff×1, .m4a×1, .srt×1, .png×1
      非音频 3: .srt×1, .png×1, ×1
      ⚠️ 脏名字符×2
      内层: 人 / 参考音乐 / 发光 / 器械 / 土拨鼠 / 塌方 / 大象 / 狼 / 腾格里-绿灯版音效 / 自然环境
      样例: 钟手枪扳机(Chung_Pistol_Trigger)_爱给网_aigei_com.mp3 | 抡带风.mp3 | Whoosh Swish.mp3
  [文件] 声音素材 免费下载 - 爱给网.html | 426534 B
  ● 网络下载 | 5 件 | 0.09 GB
      类型: .wav×5
      内层: 3.wav / 华为铃声（改编）.wav / 微信收信息.wav / 电梯.wav / 肚子咕咕叫_耳聆网_[声音ID：14592].wav
      样例: 肚子咕咕叫_耳聆网_[声音ID：14592].wav | 电梯.wav | 微信收信息.wav

DONE
