== 空文件 (9) ==
   99_待整理/_命名冲突/03_项目素材/预告/Sound Morph - Sinematic/18. Source Recordings Whoosh/Sinematic - Source Recordings - Whoosh Bys - z Highway Pass_07.wav
   02_中文音效合集/BD音效库/极品音效库/质量一般的音效（备用）/3/音乐-乐器/软音乐/FS_suavity_079.wav
   02_中文音效合集/BD音效库/极品音效库/质量一般的音效（备用）/3/音乐-乐器/软音乐/FS_suavity_132.wav
   02_中文音效合集/BD音效库/极品音效库/质量一般的音效（备用）/3/软音乐/FS_suavity_079.wav
   02_中文音效合集/BD音效库/极品音效库/质量一般的音效（备用）/3/软音乐/FS_suavity_132.wav
   02_中文音效合集/音效素材3/音乐-乐器/软音乐/FS_suavity_079.wav
   02_中文音效合集/音效素材3/音乐-乐器/软音乐/FS_suavity_132.wav
   02_中文音效合集/音效素材3/软音乐/FS_suavity_079.wav
   02_中文音效合集/音效素材3/软音乐/FS_suavity_132.wav

== 脏名字符 (7) ==
   '99_待整理/临时/盾牌\uf022 剑击 2.mp3'
   '99_待整理/临时/盾牌\uf022 剑击.mp3'
   '02_中文音效合集/百万剪辑狮的音效库/操作音效/门窗/门铃（1声\uf0222声）.wav'
   '02_中文音效合集/百万剪辑狮的音效库/细节音效/时间/倒计时（电子\uf022指针）.wav'
   '02_中文音效合集/音效素材3/\uf026322\uf026364\uf026320\uf026247\uf026313\uf026330\uf026262\uf0263043/\uf026327\uf026326\uf026304\uf026273\uf026322\uf026364\uf026320\uf026247/\uf026327\uf026326\uf026304\uf026273\uf026322\uf026364\uf026320\uf02624716-\uf026205\uf026347.mp3'
   '02_中文音效合集/音效素材3/\uf026322\uf026364\uf026320\uf026247\uf026313\uf026330\uf026262\uf0263043/\uf026327\uf026326\uf026304\uf026273\uf026322\uf026364\uf026320\uf026247/\uf026327\uf026326\uf026304\uf026273\uf026322\uf026364\uf026320\uf02624732-\uf026205\uf026347.mp3'
   '02_中文音效合集/音效素材3/\uf026322\uf026364\uf026320\uf026247\uf026313\uf026330\uf026262\uf0263043/\uf026327\uf026326\uf026304\uf026273\uf026322\uf026364\uf026320\uf026247/\uf026327\uf026326\uf026304\uf026273\uf026322\uf026364\uf026320\uf02624749-\uf026205\uf026347\uf026267\uf026347.wav'

== 可执行 (.exe/.dll, 31) ==
   835584 B | 01_商业音效包/[Sound.Ideas]The SFX Kit For Game/CD8/SI-SFXKIT/FM_fp5.DLL
   290816 B | 01_商业音效包/[Sound.Ideas]The SFX Kit For Game/CD8/SI-SFXKIT/CLPROOF.DLL
   188416 B | 01_商业音效包/[Sound.Ideas]The SFX Kit For Game/CD8/SI-SFXKIT/XercesParserLiaison.dll
   393216 B | 01_商业音效包/[Sound.Ideas]The SFX Kit For Game/CD8/SI-SFXKIT/XPath.dll
   86016 B | 01_商业音效包/[Sound.Ideas]The SFX Kit For Game/CD8/SI-SFXKIT/FMWFC10.DLL
   1941504 B | 01_商业音效包/[Sound.Ideas]The SFX Kit For Game/CD8/SI-SFXKIT/SFXKit.EXE
   36864 B | 01_商业音效包/[Sound.Ideas]The SFX Kit For Game/CD8/SI-SFXKIT/XalanExtensions.dll
   86016 B | 01_商业音效包/[Sound.Ideas]The SFX Kit For Game/CD8/SI-SFXKIT/FMCOR10.DLL
   115203 B | 01_商业音效包/[Sound.Ideas]The SFX Kit For Game/CD8/SI-SFXKIT/Unwise32.exe
   53248 B | 01_商业音效包/[Sound.Ideas]The SFX Kit For Game/CD8/SI-SFXKIT/DOMSupport.dll
   995383 B | 01_商业音效包/[Sound.Ideas]The SFX Kit For Game/CD8/SI-SFXKIT/MFC42.DLL
   143360 B | 01_商业音效包/[Sound.Ideas]The SFX Kit For Game/CD8/SI-SFXKIT/XalanSourceTree.dll
   122880 B | 01_商业音效包/[Sound.Ideas]The SFX Kit For Game/CD8/SI-SFXKIT/FMGFX10.DLL
   221184 B | 01_商业音效包/[Sound.Ideas]The SFX Kit For Game/CD8/SI-SFXKIT/PlatformSupport.dll
   24576 B | 01_商业音效包/[Sound.Ideas]The SFX Kit For Game/CD8/SI-SFXKIT/FMCON10.DLL
   86016 B | 01_商业音效包/[Sound.Ideas]The SFX Kit For Game/CD8/SI-SFXKIT/XalanTransformer.dll
   1597440 B | 01_商业音效包/[Sound.Ideas]The SFX Kit For Game/CD8/SI-SFXKIT/xerces.dll
   299008 B | 01_商业音效包/[Sound.Ideas]The SFX Kit For Game/CD8/SI-SFXKIT/FMFC10.DLL
   27136 B | 01_商业音效包/[Sound.Ideas]The SFX Kit For Game/CD8/SI-SFXKIT/CTL3D32.DLL
   139264 B | 01_商业音效包/[Sound.Ideas]The SFX Kit For Game/CD8/SI-SFXKIT/CLLNGENU.DLL
   295000 B | 01_商业音效包/[Sound.Ideas]The SFX Kit For Game/CD8/SI-SFXKIT/MSVCRT.DLL
   131072 B | 01_商业音效包/[Sound.Ideas]The SFX Kit For Game/CD8/SI-SFXKIT/XMLSupport.dll
   69632 B | 01_商业音效包/[Sound.Ideas]The SFX Kit For Game/CD8/SI-SFXKIT/FMOLE10.DLL
   667648 B | 01_商业音效包/[Sound.Ideas]The SFX Kit For Game/CD8/SI-SFXKIT/XSLT.dll
   163840 B | 01_商业音效包/[Sound.Ideas]The SFX Kit For Game/CD8/SI-SFXKIT/FMML10.DLL
   159744 B | 01_商业音效包/[Sound.Ideas]The SFX Kit For Game/CD8/SI-SFXKIT/FMENG10.DLL
   401462 B | 01_商业音效包/[Sound.Ideas]The SFX Kit For Game/CD8/SI-SFXKIT/MSVCP60.dll
   45056 B | 01_商业音效包/[Sound.Ideas]The SFX Kit For Game/CD8/SI-SFXKIT/FMNSV14.DLL
   102400 B | 01_商业音效包/[Sound.Ideas]The SFX Kit For Game/CD8/SI-SFXKIT/FMQTE10.DLL
   86016 B | 01_商业音效包/[Sound.Ideas]The SFX Kit For Game/CD8/SI-SFXKIT/FMINT10.DLL
   53248 B | 01_商业音效包/[Sound.Ideas]The SFX Kit For Game/CD8/SI-SFXKIT/XalanDOM.dll

== 快捷方式/垃圾 (.lnk/.url/.db/.sfk/.DS_Store, 178) ==
   124 B | 01_商业音效包/Multiply Sound Film Score Bundle/悟空资源 宿主插件音色采样.url
   228 B | 01_商业音效包/Pro Sound Effect/US04/最专业的CG素材与教程分享网站.url
   16384 B | 01_商业音效包/[Sound.Ideas]Thunder Sound Effects/Thumbs.db
   335 B | 01_商业音效包/Rock The Speakerbox - Broken/Designed/AJ音乐大合集-AE模板常用配乐.url
   52 B | 01_商业音效包/Rock The Speakerbox - Broken/LookAE.com/LookAE官网淘宝店.url
   152 B | 01_商业音效包/Rock The Speakerbox - Broken/LookAE.com/FCPX资源站  专注 Final Cut Pro X.url
   249 B | 01_商业音效包/Rock The Speakerbox - Broken/LookAE.com/LookAE.com  大众脸影视后期特效.url
   52 B | 01_商业音效包/Rock The Speakerbox - Broken/LookAE.com/Mac解决身份不明的开发者程序安装.url
   254 B | 01_商业音效包/[Sound.Ideas]Drone Archeology/吾爱素材网资源总查询.url
   835584 B | 01_商业音效包/[Sound.Ideas]The SFX Kit For Game/CD8/SI-SFXKIT/FM_fp5.DLL
   290816 B | 01_商业音效包/[Sound.Ideas]The SFX Kit For Game/CD8/SI-SFXKIT/CLPROOF.DLL
   188416 B | 01_商业音效包/[Sound.Ideas]The SFX Kit For Game/CD8/SI-SFXKIT/XercesParserLiaison.dll
   393216 B | 01_商业音效包/[Sound.Ideas]The SFX Kit For Game/CD8/SI-SFXKIT/XPath.dll
   86016 B | 01_商业音效包/[Sound.Ideas]The SFX Kit For Game/CD8/SI-SFXKIT/FMWFC10.DLL
   1941504 B | 01_商业音效包/[Sound.Ideas]The SFX Kit For Game/CD8/SI-SFXKIT/SFXKit.EXE
   36864 B | 01_商业音效包/[Sound.Ideas]The SFX Kit For Game/CD8/SI-SFXKIT/XalanExtensions.dll
   86016 B | 01_商业音效包/[Sound.Ideas]The SFX Kit For Game/CD8/SI-SFXKIT/FMCOR10.DLL
   115203 B | 01_商业音效包/[Sound.Ideas]The SFX Kit For Game/CD8/SI-SFXKIT/Unwise32.exe
   53248 B | 01_商业音效包/[Sound.Ideas]The SFX Kit For Game/CD8/SI-SFXKIT/DOMSupport.dll
   995383 B | 01_商业音效包/[Sound.Ideas]The SFX Kit For Game/CD8/SI-SFXKIT/MFC42.DLL
   143360 B | 01_商业音效包/[Sound.Ideas]The SFX Kit For Game/CD8/SI-SFXKIT/XalanSourceTree.dll
   122880 B | 01_商业音效包/[Sound.Ideas]The SFX Kit For Game/CD8/SI-SFXKIT/FMGFX10.DLL
   221184 B | 01_商业音效包/[Sound.Ideas]The SFX Kit For Game/CD8/SI-SFXKIT/PlatformSupport.dll
   24576 B | 01_商业音效包/[Sound.Ideas]The SFX Kit For Game/CD8/SI-SFXKIT/FMCON10.DLL
   86016 B | 01_商业音效包/[Sound.Ideas]The SFX Kit For Game/CD8/SI-SFXKIT/XalanTransformer.dll
   1597440 B | 01_商业音效包/[Sound.Ideas]The SFX Kit For Game/CD8/SI-SFXKIT/xerces.dll
   299008 B | 01_商业音效包/[Sound.Ideas]The SFX Kit For Game/CD8/SI-SFXKIT/FMFC10.DLL
   27136 B | 01_商业音效包/[Sound.Ideas]The SFX Kit For Game/CD8/SI-SFXKIT/CTL3D32.DLL
   139264 B | 01_商业音效包/[Sound.Ideas]The SFX Kit For Game/CD8/SI-SFXKIT/CLLNGENU.DLL
   295000 B | 01_商业音效包/[Sound.Ideas]The SFX Kit For Game/CD8/SI-SFXKIT/MSVCRT.DLL
   131072 B | 01_商业音效包/[Sound.Ideas]The SFX Kit For Game/CD8/SI-SFXKIT/XMLSupport.dll
   69632 B | 01_商业音效包/[Sound.Ideas]The SFX Kit For Game/CD8/SI-SFXKIT/FMOLE10.DLL
   667648 B | 01_商业音效包/[Sound.Ideas]The SFX Kit For Game/CD8/SI-SFXKIT/XSLT.dll
   163840 B | 01_商业音效包/[Sound.Ideas]The SFX Kit For Game/CD8/SI-SFXKIT/FMML10.DLL
   159744 B | 01_商业音效包/[Sound.Ideas]The SFX Kit For Game/CD8/SI-SFXKIT/FMENG10.DLL
   401462 B | 01_商业音效包/[Sound.Ideas]The SFX Kit For Game/CD8/SI-SFXKIT/MSVCP60.dll
   45056 B | 01_商业音效包/[Sound.Ideas]The SFX Kit For Game/CD8/SI-SFXKIT/FMNSV14.DLL
   102400 B | 01_商业音效包/[Sound.Ideas]The SFX Kit For Game/CD8/SI-SFXKIT/FMQTE10.DLL
   86016 B | 01_商业音效包/[Sound.Ideas]The SFX Kit For Game/CD8/SI-SFXKIT/FMINT10.DLL
   53248 B | 01_商业音效包/[Sound.Ideas]The SFX Kit For Game/CD8/SI-SFXKIT/XalanDOM.dll
   91 B | 01_商业音效包/Bluezone Corporation(76)/[Bluezone.Corporation]Artificial FX/www.bluezone-corporation.com.url
   103 B | 01_商业音效包/Bluezone Corporation(76)/[Bluezone.Corporation]Downtempo Box/AIF/Download Bluezone Corporation Downtempo Box ProducerLoops.com.URL
   112 B | 01_商业音效包/Bluezone Corporation(76)/[Bluezone.Corporation]Filtered Keys/Chillout Samples, Ambient Sample Packs, Piano Samples, Ambient Chords, Download Ambient Sounds.URL
   115 B | 01_商业音效包/Bluezone Corporation(76)/[Bluezone.Corporation]Glitch and Dark Minimal House/AIF/Download Bluezone Corporation Glitch & Dark Minimal House ProducerLoops.com.URL
   115 B | 01_商业音效包/Bluezone Corporation(76)/[Bluezone.Corporation]Overflow Hard Dance Drums/Download Bluezone Corporation Overflow Hard Dance Drums ProducerLoops.com.URL
   113 B | 01_商业音效包/Bluezone Corporation(76)/[Bluezone.Corporation]Score & Break Drum Loops/Download Bluezone Corporation Score & Break Drum Loops ProducerLoops.com.URL
   100 B | 01_商业音效包/Bluezone Corporation(76)/[Bluezone.Corporation]Electro FX/Download Bluezone Corporation Electro FX ProducerLoops.com.URL
   76 B | 01_商业音效包/Bluezone Corporation(76)/[Bluezone.Corporation]Electro FX/Bluezone Corporation ProducerLoops.com.URL
   62 B | 01_商业音效包/Bluezone Corporation(76)/[Bluezone.Corporation]Ethno & Tribal Ambient/WAV/Bluezone Wav Samples, Loops, Download Sample Packs, CDs, Sound Libraries, Drum Samples and Sound Effects, Pro Audio Samples .URL
   121 B | 01_商业音效包/Bluezone Corporation(76)/[Bluezone.Corporation]Ethno & Tribal Ambient/WAV/Ethno & Tribal Ambient Samples, Ambient Sample Packs, Ethnic Sample CD, Tribal Loops for Download.URL
   194 B | 01_商业音效包/Bluezone Corporation(76)/[Bluezone.Corporation]Altered Zone Dark Ambient Samples/Bluezone/Bluezone - Facebook Fan Page.url
   175 B | 01_商业音效包/Bluezone Corporation(76)/[Bluezone.Corporation]Altered Zone Dark Ambient Samples/Bluezone/Bluezone - YouTube Channel.url
   4522 B | 01_商业音效包/[WHO02]/第六印象.url
   6148 B | 99_待整理/临时/大象/.DS_Store
   10244 B | 02_中文音效合集/百万剪辑狮的音效库/人声音效/.DS_Store
   6148 B | 02_中文音效合集/百万剪辑狮的音效库/人声音效/掌声/.DS_Store
   8196 B | 02_中文音效合集/百万剪辑狮的音效库/人声音效/笑声/.DS_Store
   10244 B | 02_中文音效合集/百万剪辑狮的音效库/载具音效/.DS_Store
   6148 B | 02_中文音效合集/百万剪辑狮的音效库/载具音效/飞机/.DS_Store
   8196 B | 02_中文音效合集/百万剪辑狮的音效库/载具音效/#常用操作/.DS_Store
   10244 B | 02_中文音效合集/百万剪辑狮的音效库/体育音效/.DS_Store
   6148 B | 02_中文音效合集/百万剪辑狮的音效库/体育音效/网球/.DS_Store
   8196 B | 02_中文音效合集/百万剪辑狮的音效库/武器音效/枪支/.DS_Store
   2392 B | 02_中文音效合集/百万剪辑狮的音效库/武器音效/枪支/gun sfx/枪支音效/Foley - Semi-automatic - AR15/ar15-rifle-foley-bolt-sent-forward-7.sfk
   4824 B | 02_中文音效合集/百万剪辑狮的音效库/武器音效/枪支/gun sfx/枪支音效/Foley - Bolt-action - Sniper - Remington 700/remington700-rifle-foley-bolt-moves-with-shell-13.sfk
   3536 B | 02_中文音效合集/百万剪辑狮的音效库/武器音效/枪支/gun sfx/枪支音效/Foley - Rifle - Automatic - M4/m4-rifle-foley-bolt-charge-2 Take 2.sfk
   3152 B | 02_中文音效合集/百万剪辑狮的音效库/武器音效/枪支/gun sfx/枪支音效/Foley - Rifle - Automatic - M4/m4-rifle-foley-bolt-charge-1.sfk
   3536 B | 02_中文音效合集/百万剪辑狮的音效库/武器音效/枪支/gun sfx/枪支音效/Foley - Rifle - Automatic - M4/m4-rifle-foley-bolt-charge-2 Take 3 Take 2.sfk
   3536 B | 02_中文音效合集/百万剪辑狮的音效库/武器音效/枪支/gun sfx/枪支音效/Foley - Rifle - Automatic - M4/m4-rifle-foley-bolt-charge-2.sfk
   2040 B | 02_中文音效合集/百万剪辑狮的音效库/武器音效/枪支/gun sfx/枪支音效/Foley - Rifle - Automatic - M4/m4-rifle-foley-bolt-forward-2.sfk
   1656 B | 02_中文音效合集/百万剪辑狮的音效库/武器音效/枪支/gun sfx/枪支音效/Foley - Rifle - Automatic - M4/m4-rifle-foley-bolt-charge-4.sfk
   2464 B | 02_中文音效合集/百万剪辑狮的音效库/武器音效/枪支/gun sfx/枪支音效/Foley - Rifle - Automatic - M4/m4-rifle-foley-bolt-charge-3.sfk
   3536 B | 02_中文音效合集/百万剪辑狮的音效库/武器音效/枪支/gun sfx/枪支音效/Foley - Rifle - Automatic - M4/m4-rifle-foley-bolt-charge-2 Take 3.sfk
   880 B | 02_中文音效合集/百万剪辑狮的音效库/武器音效/枪支/gun sfx/枪支音效/Foley - Pistol - 1911/1911-pistol-foley-dry-fire-2.sfk
   1512 B | 02_中文音效合集/百万剪辑狮的音效库/武器音效/枪支/gun sfx/枪支音效/Foley - Pistol - 1911/1911-pistol-foley-slide-charge-6.sfk
   408 B | 02_中文音效合集/百万剪辑狮的音效库/武器音效/枪支/gun sfx/枪支音效/Foley - Pistol - 1911/1911-pistol-foley-safety-4.sfk
   1168 B | 02_中文音效合集/百万剪辑狮的音效库/武器音效/枪支/gun sfx/枪支音效/Foley - Pistol - 1911/1911-pistol-foley-slide-charge-1.sfk
   1760 B | 02_中文音效合集/百万剪辑狮的音效库/武器音效/枪支/gun sfx/枪支音效/Foley - Pistol - 1911/1911-pistol-foley-slide-charge-2.sfk
   12292 B | 02_中文音效合集/百万剪辑狮的音效库/武器音效/枪支/gun sfx/枪支音效/Foley - Machinegun - M249/.DS_Store
   1752 B | 02_中文音效合集/百万剪辑狮的音效库/武器音效/枪支/gun sfx/枪支音效/Foley - Submachine Gun - H&K Mp5/mp5-submachinegun-foley-bolt-chrage-3.sfk
   10752 B | 02_中文音效合集/百万剪辑狮的音效库/武器音效/枪支/gun sfx/开火音效/Rifle - Lever-action - Winchester1886/winchester1886-45-70-single-shot-processed-A.sfk
   107176 B | 02_中文音效合集/百万剪辑狮的音效库/武器音效/枪支/gun sfx/开火音效/Shotgun - Pump-action - Mossberg590/mossberg590-12gauge-15-single-shots-processed-D.sfk
   146928 B | 02_中文音效合集/百万剪辑狮的音效库/武器音效/枪支/gun sfx/开火音效/Rifle - Semi-automatic - Sniper - BarretM28/barret50cal-8-shots-processed-B.sfk
   303816 B | 02_中文音效合集/百万剪辑狮的音效库/武器音效/枪支/gun sfx/开火音效/Rifle - Bolt-action - Remmington700/remmington700-308cal-17-single-shots-processed-D.sfk
   301784 B | 02_中文音效合集/百万剪辑狮的音效库/武器音效/枪支/gun sfx/开火音效/Rifle - Bolt-action - Remmington700/remmington700-308cal-17-single-shots-processed-C.sfk
   22128 B | 02_中文音效合集/百万剪辑狮的音效库/武器音效/枪支/gun sfx/开火音效/Pistol - Glock 17/glock17-9mm-fire-sequence-1-processed-C.sfk
   73504 B | 02_中文音效合集/百万剪辑狮的音效库/武器音效/枪支/gun sfx/开火音效/Pistol - Glock 17/glock17-9mm-9-single-shots-processed-A.sfk
   53624 B | 02_中文音效合集/百万剪辑狮的音效库/武器音效/枪支/gun sfx/开火音效/Pistol - 1911/1911-45cal-6-single-shots-processed-A.sfk
   9104 B | 02_中文音效合集/百万剪辑狮的音效库/武器音效/枪支/gun sfx/开火音效/Pistol - 1911/1911-45cal-single-shot-processed-D.sfk
   48544 B | 02_中文音效合集/百万剪辑狮的音效库/武器音效/枪支/gun sfx/开火音效/Pistol - 1911/1911-45cal-fire-sequence-1-processed-D.sfk
   30368 B | 02_中文音效合集/百万剪辑狮的音效库/武器音效/枪支/gun sfx/开火音效/Pistol - Revolver - S&W357Mag/S&W-357mag-6-single-shots-processed-B.sfk
   6148 B | 02_中文音效合集/百万剪辑狮的音效库/武器音效/枪支/子弹/.DS_Store
   6148 B | 02_中文音效合集/百万剪辑狮的音效库/武器音效/枪支/枪支种类/.DS_Store
   6148 B | 02_中文音效合集/百万剪辑狮的音效库/武器音效/鞭子/.DS_Store
   14340 B | 02_中文音效合集/百万剪辑狮的音效库/动物音效/.DS_Store
   6148 B | 02_中文音效合集/百万剪辑狮的音效库/动物音效/大象/.DS_Store
   6148 B | 02_中文音效合集/百万剪辑狮的音效库/动物音效/老虎/.DS_Store
   6148 B | 02_中文音效合集/百万剪辑狮的音效库/动物音效/鸡/.DS_Store
   6148 B | 02_中文音效合集/百万剪辑狮的音效库/操作音效/机械/.DS_Store
   6148 B | 02_中文音效合集/百万剪辑狮的音效库/操作音效/复古/跳跃/更多免费资源下载/.DS_Store
   6148 B | 02_中文音效合集/百万剪辑狮的音效库/操作音效/手机/iPhone音效/.DS_Store
   6148 B | 02_中文音效合集/百万剪辑狮的音效库/操作音效/手机/iPhone音效/Iphone1/.DS_Store
   6148 B | 02_中文音效合集/百万剪辑狮的音效库/操作音效/手机/iPhone音效/Iphone2/.DS_Store
   8196 B | 02_中文音效合集/百万剪辑狮的音效库/乐器音效/.DS_Store
   6148 B | 02_中文音效合集/百万剪辑狮的音效库/效果音效/Reverse/.DS_Store
   21508 B | 02_中文音效合集/百万剪辑狮的音效库/效果音效/hit/.DS_Store
   6148 B | 02_中文音效合集/百万剪辑狮的音效库/细节音效/气体/.DS_Store
   10244 B | 02_中文音效合集/百万剪辑狮的音效库/场景音效/天气/.DS_Store
   6148 B | 02_中文音效合集/百万剪辑狮的音效库/场景音效/天气/金属/.DS_Store
   6148 B | 02_中文音效合集/百万剪辑狮的音效库/场景音效/天气/刮风/.DS_Store
   1948 B | 02_中文音效合集/百万剪辑狮的音效库/场景音效/天气/水/1201792.sfk
   412 B | 02_中文音效合集/百万剪辑狮的音效库/场景音效/天气/水/1201804.sfk
   2416 B | 02_中文音效合集/百万剪辑狮的音效库/场景音效/天气/水/冒泡.sfk
   3808 B | 02_中文音效合集/百万剪辑狮的音效库/场景音效/天气/雨天/雷声（近距离）.mp3.sfk
   11624 B | 02_中文音效合集/百万剪辑狮的音效库/场景音效/天气/雨天/闷雷.mp3.sfk
   6148 B | 02_中文音效合集/百万剪辑狮的音效库/场景音效/天气/雷/.DS_Store
   6148 B | 02_中文音效合集/百万剪辑狮的音效库/动作音效/手部/.DS_Store
   121 B | 02_中文音效合集/音效素材1/低环/更多视频素材--99817062.taobao.com    QQ：99817062.url
   15364 B | 02_中文音效合集/BD音效库/附赠音效库（转场+撞击+音效+环境音）/环境音效大全/自然类/.DS_Store
   21508 B | 02_中文音效合集/BD音效库/附赠音效库（转场+撞击+音效+环境音）/环境音效大全/自然类/雷/.DS_Store
   187 B | 02_中文音效合集/BD音效库/附赠音效库（转场+撞击+音效+环境音）/环境音效大全/BBCSOUND/音源音色旗舰店（Vsti.taobao.com）.url
   187 B | 02_中文音效合集/BD音效库/附赠音效库（转场+撞击+音效+环境音）/环境音效大全/BBCSOUND/音色库（www.yinseku.com）.url
   8196 B | 02_中文音效合集/BD音效库/附赠音效库（转场+撞击+音效+环境音）/音效/.DS_Store
   15364 B | 02_中文音效合集/BD音效库/附赠音效库（转场+撞击+音效+环境音）/音效/运动类/.DS_Store
   8196 B | 02_中文音效合集/BD音效库/附赠音效库（转场+撞击+音效+环境音）/音效/实用类/.DS_Store
   6148 B | 02_中文音效合集/BD音效库/附赠音效库（转场+撞击+音效+环境音）/音效/卡通类/.DS_Store
   12292 B | 02_中文音效合集/BD音效库/附赠音效库（转场+撞击+音效+环境音）/音效/战争类/.DS_Store
   15364 B | 02_中文音效合集/BD音效库/附赠音效库（转场+撞击+音效+环境音）/音效/啊/.DS_Store
   15364 B | 02_中文音效合集/BD音效库/附赠音效库（转场+撞击+音效+环境音）/音效/动物类/.DS_Store
   12292 B | 02_中文音效合集/BD音效库/附赠音效库（转场+撞击+音效+环境音）/音效/交通类/.DS_Store
   10244 B | 02_中文音效合集/BD音效库/极品音效库/未来科幻科技感/1/.DS_Store
   8196 B | 02_中文音效合集/BD音效库/极品音效库/未来科幻科技感/1/Source Recordings/.DS_Store
   8196 B | 02_中文音效合集/BD音效库/极品音效库/未来科幻科技感/1/Source Recordings/Random Source/.DS_Store
   10244 B | 02_中文音效合集/BD音效库/极品音效库/未来科幻科技感/1/Source Recordings/Bass Layers/.DS_Store
   16388 B | 02_中文音效合集/BD音效库/极品音效库/未来科幻科技感/1/Source Recordings/Weapons Foley/.DS_Store
   10244 B | 02_中文音效合集/BD音效库/极品音效库/未来科幻科技感/1/Source Recordings/Transform Layers/.DS_Store
   18436 B | 02_中文音效合集/BD音效库/极品音效库/未来科幻科技感/1/Source Recordings/Ammunition - Reloads Foley/.DS_Store
   8196 B | 02_中文音效合集/BD音效库/极品音效库/未来科幻科技感/1/Source Recordings/Blaster Layers/.DS_Store
   10244 B | 02_中文音效合集/BD音效库/极品音效库/未来科幻科技感/1/Source Recordings/Power/.DS_Store
   10244 B | 02_中文音效合集/BD音效库/极品音效库/未来科幻科技感/1/Source Recordings/Laser Layers/.DS_Store
   12292 B | 02_中文音效合集/BD音效库/极品音效库/未来科幻科技感/1/Designed/.DS_Store
   12292 B | 02_中文音效合集/BD音效库/极品音效库/未来科幻科技感/1/Designed/Pump Gun/.DS_Store
   10244 B | 02_中文音效合集/BD音效库/极品音效库/未来科幻科技感/1/Designed/Ripper Fast gun/.DS_Store
   10244 B | 02_中文音效合集/BD音效库/极品音效库/未来科幻科技感/1/Designed/Plasma Gun/.DS_Store
   6148 B | 02_中文音效合集/BD音效库/极品音效库/未来科幻科技感/1/Designed/Mines/.DS_Store
   10244 B | 02_中文音效合集/BD音效库/极品音效库/未来科幻科技感/1/Designed/Rifle Laser/.DS_Store
   18436 B | 02_中文音效合集/BD音效库/极品音效库/未来科幻科技感/1/Designed/Blaster/.DS_Store
   10244 B | 02_中文音效合集/BD音效库/极品音效库/未来科幻科技感/1/Designed/Explosions/.DS_Store
   10244 B | 02_中文音效合集/BD音效库/极品音效库/未来科幻科技感/1/Designed/Impulse Gun/.DS_Store
   8196 B | 02_中文音效合集/BD音效库/极品音效库/未来科幻科技感/1/Designed/Nine Inch Nail Cannon/.DS_Store
   12292 B | 02_中文音效合集/BD音效库/极品音效库/未来科幻科技感/1/Designed/Machine Gun/.DS_Store
   14340 B | 02_中文音效合集/BD音效库/极品音效库/未来科幻科技感/1/Designed/Future Hand Gun/.DS_Store
   12292 B | 02_中文音效合集/BD音效库/极品音效库/未来科幻科技感/1/Designed/Energy Gun/.DS_Store
   10244 B | 02_中文音效合集/BD音效库/极品音效库/未来科幻科技感/1/Designed/Kerosene Gun/.DS_Store
   14340 B | 02_中文音效合集/BD音效库/极品音效库/未来科幻科技感/1/Designed/Bio Gun/.DS_Store
   10244 B | 02_中文音效合集/BD音效库/极品音效库/未来科幻科技感/1/Designed/Gamma Ray/.DS_Store
   10244 B | 02_中文音效合集/BD音效库/极品音效库/未来科幻科技感/1/Designed/Electro Gun/.DS_Store
   14340 B | 02_中文音效合集/BD音效库/极品音效库/未来科幻科技感/1/Designed/Bolt Pomp Gun/.DS_Store
   8196 B | 02_中文音效合集/BD音效库/极品音效库/未来科幻科技感/1/Designed/Electro Rocket/.DS_Store
   14340 B | 02_中文音效合集/BD音效库/极品音效库/未来科幻科技感/1/Designed/Big Friggin Gun/.DS_Store
   26628 B | 02_中文音效合集/BD音效库/极品音效库/质量一般的音效（备用）/2/.DS_Store
   14340 B | 02_中文音效合集/BD音效库/极品音效库/质量一般的音效（备用）/3/.DS_Store
   217 B | 02_中文音效合集/BD音效库/极品音效库/魔法&科幻/科幻魔法音效/_(WAVs)_Elemental_(Sweetner_Layers)/_(WAVs)_Fire/About/更多优质软件，插件，素材，资源.url
   18436 B | 02_中文音效合集/BD音效库/极品音效库/Designer Sound FX/.DS_Store
   15364 B | 02_中文音效合集/BD音效库/极品音效库/Designer Sound FX/鼓点循环/.DS_Store
   6148 B | 02_中文音效合集/BD音效库/极品音效库/MotionPulse_BlackBox_24-Bit_Wav/.DS_Store
   1213 B | 02_中文音效合集/BD音效库/极品音效库/MotionPulse_BlackBox_24-Bit_Wav/ORGANIC/Abstract/ORGANIC.lnk
   6148 B | 02_中文音效合集/BD音效库/极品音效库/iPhone音效/.DS_Store
   6148 B | 02_中文音效合集/音效素材3/特酷音效系列/.DS_Store
   6148 B | 02_中文音效合集/音效素材3/特酷音效系列/动物/.DS_Store
   1458 B | 02_中文音效合集/音效素材3/汽车防盗声/更多视频素材---99817062.taobao.com    QQ：99817062.lnk
   1298 B | 02_中文音效合集/音效素材3/汽车防盗声/更多视频素材--99817062.taobao.com    QQ：99817062.lnk
   10244 B | 02_中文音效合集/布斯的音效库/.DS_Store
   194 B | 02_中文音效合集/布斯的音效库/气氛音效/更多免费 FCPX插件‖特效‖AE模板‖脚本‖视频素材‖Mac软件.url
   221 B | 02_中文音效合集/布斯的音效库/气氛音效/百度不限速下载方法.url
   4523 B | 02_中文音效合集/环境音/上尚影视.url
   4522 B | 02_中文音效合集/环境音/其他更多资源.url
   4523 B | 02_中文音效合集/环境音/百年资源.url

== 残余压缩包/镜像 (7) ==
   480.24 MB | 01_商业音效包/[Sound.Ideas]The Metropolis Science Fiction Toolkit Vol.2/dyn-simsftkv2.bin
   61.73 MB | 02_中文音效合集/BD音效库/附赠音效库（转场+撞击+音效+环境音）/音效/动物类/狗.zip
   0.03 MB | 01_商业音效包/Pro Sound Effect/US04/人人素材网说明文件.rar
   0.03 MB | 01_商业音效包/Pro Sound Effect/Sound Design - Sci-Fi/变形金刚科幻震撼音效/人人素材网.rar
   0.00 MB | 01_商业音效包/[Sound.Ideas]The Metropolis Science Fiction Toolkit Vol.2/dyn-simsftkv2.cue
   0.00 MB | 02_中文音效合集/BD音效库/极品音效库/魔法&科幻/蒸汽朋克工业风武器开枪对战音效/_(WAVs)_B_Eva/About.zip
   0.00 MB | 02_中文音效合集/百万剪辑狮的音效库/操作音效/复古/跳跃/About.zip

DONE
