[main] 2000 files 14.1 GiB 39s
[main] 4000 files 29.1 GiB 76s
[main] 6000 files 39.4 GiB 104s
[main] 8000 files 47.4 GiB 125s
[main] 10000 files 55.6 GiB 147s
[main] 12000 files 65.0 GiB 174s
[main] 14000 files 79.4 GiB 213s
[main] 16000 files 80.6 GiB 216s
[main] 18000 files 84.5 GiB 227s
[main] 20000 files 90.0 GiB 242s
[main] 22000 files 96.9 GiB 261s
[main] 24000 files 101.9 GiB 274s
[main] 26000 files 107.0 GiB 288s
[main] 28000 files 113.2 GiB 304s
[main] 30000 files 124.2 GiB 330s
[main] 32000 files 126.2 GiB 335s
[main] 34000 files 128.3 GiB 341s
[main] 36000 files 133.5 GiB 353s
[main] 38000 files 133.9 GiB 354s
[main] 40000 files 139.5 GiB 373s
[main] 42000 files 139.6 GiB 375s
[main] 44000 files 139.7 GiB 377s
[main] 46000 files 139.8 GiB 379s
[main] 48000 files 139.9 GiB 382s
[main] 50000 files 140.2 GiB 384s
[main] 52000 files 140.8 GiB 389s
[main] 54000 files 141.1 GiB 392s
[main] 56000 files 141.6 GiB 396s
[main] 58000 files 142.0 GiB 399s
[main] 60000 files 143.6 GiB 408s
[main] 62000 files 144.9 GiB 414s
[main] 64000 files 147.2 GiB 421s
[main] 66000 files 148.1 GiB 427s
[main] 68000 files 150.1 GiB 436s
[main] 70000 files 152.3 GiB 445s
[main] 72000 files 154.0 GiB 453s
[main] 74000 files 156.6 GiB 463s
[main] 76000 files 159.4 GiB 473s
[main] 78000 files 160.6 GiB 479s
[main] 80000 files 163.4 GiB 489s
[main] 82000 files 165.8 GiB 497s
[main] 84000 files 167.8 GiB 506s
[main] 86000 files 171.3 GiB 517s
[main] 88000 files 177.6 GiB 535s
[main] 90000 files 194.4 GiB 577s
[main] 92000 files 218.2 GiB 638s
[main] 94000 files 221.6 GiB 649s
[main] 96000 files 224.6 GiB 658s
[main] 98000 files 229.9 GiB 671s
[main] 100000 files 246.9 GiB 716s
[main] 102000 files 260.0 GiB 748s
[main] 104000 files 261.5 GiB 752s
[main] 106000 files 261.6 GiB 754s
[main] 108000 files 261.8 GiB 755s
[main] 110000 files 261.8 GiB 755s
[main] 112000 files 261.9 GiB 756s
[main] 114000 files 262.1 GiB 757s
[main] 116000 files 262.2 GiB 758s
[main] 118000 files 262.3 GiB 759s
[main] 120000 files 262.4 GiB 759s
[main] 122000 files 262.6 GiB 760s
[main] 124000 files 262.7 GiB 761s
[main] 126000 files 262.9 GiB 762s
[main] 128000 files 263.2 GiB 763s
[main] 130000 files 266.9 GiB 772s
[main] 132000 files 267.8 GiB 775s
[main] 134000 files 268.3 GiB 778s
[main] 136000 files 269.1 GiB 780s
[main] 138000 files 274.7 GiB 795s
[main] 140000 files 280.8 GiB 810s
[main] 142000 files 281.4 GiB 812s
[main] 144000 files 281.5 GiB 813s
[main] 146000 files 281.6 GiB 813s
[main] 148000 files 281.8 GiB 814s
[main] 150000 files 293.8 GiB 847s
[main] 152000 files 294.2 GiB 849s
[main] 154000 files 298.7 GiB 862s
[main] 156000 files 304.2 GiB 883s
[main] 158000 files 305.1 GiB 886s
[main] 160000 files 305.9 GiB 889s
[main] 162000 files 306.4 GiB 891s
== [main] DONE: 162542 files / 308.4 GiB / 0 errors / 895s
[sib_1] 2000 files 24.8 GiB 139s
[sib_1] 4000 files 51.3 GiB 283s
[sib_1] 6000 files 71.7 GiB 401s
[sib_1] 8000 files 97.8 GiB 539s
[sib_1] 10000 files 119.7 GiB 638s
[sib_1] 12000 files 156.7 GiB 824s
[sib_1] 14000 files 176.8 GiB 945s
[sib_1] 16000 files 194.7 GiB 1060s
== [sib_1] DONE: 17097 files / 204.8 GiB / 0 errors / 1120s
[sib_2] 2000 files 9.9 GiB 74s
[sib_2] 4000 files 10.8 GiB 100s
== [sib_2] DONE: 4901 files / 11.5 GiB / 0 errors / 116s
ALLDONE
